Archive member included to satisfy reference by file (symbol)

c:/program files (x86)/gnu tools arm embedded/7 2017-q4-major/bin/../lib/gcc/arm-none-eabi/7.2.1/../../../../arm-none-eabi/lib/thumb/v7-m\libg_nano.a(lib_a-errno.o)
                              ./system/src/newlib/_sbrk.o (__errno)
c:/program files (x86)/gnu tools arm embedded/7 2017-q4-major/bin/../lib/gcc/arm-none-eabi/7.2.1/../../../../arm-none-eabi/lib/thumb/v7-m\libg_nano.a(lib_a-impure.o)
                              c:/program files (x86)/gnu tools arm embedded/7 2017-q4-major/bin/../lib/gcc/arm-none-eabi/7.2.1/../../../../arm-none-eabi/lib/thumb/v7-m\libg_nano.a(lib_a-errno.o) (_impure_ptr)
c:/program files (x86)/gnu tools arm embedded/7 2017-q4-major/bin/../lib/gcc/arm-none-eabi/7.2.1/../../../../arm-none-eabi/lib/thumb/v7-m\libg_nano.a(lib_a-printf.o)
                              ./src/main.o (printf)
c:/program files (x86)/gnu tools arm embedded/7 2017-q4-major/bin/../lib/gcc/arm-none-eabi/7.2.1/../../../../arm-none-eabi/lib/thumb/v7-m\libg_nano.a(lib_a-findfp.o)
                              c:/program files (x86)/gnu tools arm embedded/7 2017-q4-major/bin/../lib/gcc/arm-none-eabi/7.2.1/../../../../arm-none-eabi/lib/thumb/v7-m\libg_nano.a(lib_a-printf.o) (__sinit)
c:/program files (x86)/gnu tools arm embedded/7 2017-q4-major/bin/../lib/gcc/arm-none-eabi/7.2.1/../../../../arm-none-eabi/lib/thumb/v7-m\libg_nano.a(lib_a-fwalk.o)
                              c:/program files (x86)/gnu tools arm embedded/7 2017-q4-major/bin/../lib/gcc/arm-none-eabi/7.2.1/../../../../arm-none-eabi/lib/thumb/v7-m\libg_nano.a(lib_a-findfp.o) (_fwalk)
c:/program files (x86)/gnu tools arm embedded/7 2017-q4-major/bin/../lib/gcc/arm-none-eabi/7.2.1/../../../../arm-none-eabi/lib/thumb/v7-m\libg_nano.a(lib_a-memset.o)
                              c:/program files (x86)/gnu tools arm embedded/7 2017-q4-major/bin/../lib/gcc/arm-none-eabi/7.2.1/../../../../arm-none-eabi/lib/thumb/v7-m\libg_nano.a(lib_a-findfp.o) (memset)
c:/program files (x86)/gnu tools arm embedded/7 2017-q4-major/bin/../lib/gcc/arm-none-eabi/7.2.1/../../../../arm-none-eabi/lib/thumb/v7-m\libg_nano.a(lib_a-nano-mallocr.o)
                              c:/program files (x86)/gnu tools arm embedded/7 2017-q4-major/bin/../lib/gcc/arm-none-eabi/7.2.1/../../../../arm-none-eabi/lib/thumb/v7-m\libg_nano.a(lib_a-findfp.o) (_malloc_r)
c:/program files (x86)/gnu tools arm embedded/7 2017-q4-major/bin/../lib/gcc/arm-none-eabi/7.2.1/../../../../arm-none-eabi/lib/thumb/v7-m\libg_nano.a(lib_a-nano-vfprintf.o)
                              c:/program files (x86)/gnu tools arm embedded/7 2017-q4-major/bin/../lib/gcc/arm-none-eabi/7.2.1/../../../../arm-none-eabi/lib/thumb/v7-m\libg_nano.a(lib_a-printf.o) (_vfprintf_r)
c:/program files (x86)/gnu tools arm embedded/7 2017-q4-major/bin/../lib/gcc/arm-none-eabi/7.2.1/../../../../arm-none-eabi/lib/thumb/v7-m\libg_nano.a(lib_a-nano-vfprintf_i.o)
                              c:/program files (x86)/gnu tools arm embedded/7 2017-q4-major/bin/../lib/gcc/arm-none-eabi/7.2.1/../../../../arm-none-eabi/lib/thumb/v7-m\libg_nano.a(lib_a-nano-vfprintf.o) (_printf_i)
c:/program files (x86)/gnu tools arm embedded/7 2017-q4-major/bin/../lib/gcc/arm-none-eabi/7.2.1/../../../../arm-none-eabi/lib/thumb/v7-m\libg_nano.a(lib_a-sbrkr.o)
                              c:/program files (x86)/gnu tools arm embedded/7 2017-q4-major/bin/../lib/gcc/arm-none-eabi/7.2.1/../../../../arm-none-eabi/lib/thumb/v7-m\libg_nano.a(lib_a-nano-mallocr.o) (_sbrk_r)
c:/program files (x86)/gnu tools arm embedded/7 2017-q4-major/bin/../lib/gcc/arm-none-eabi/7.2.1/../../../../arm-none-eabi/lib/thumb/v7-m\libg_nano.a(lib_a-stdio.o)
                              c:/program files (x86)/gnu tools arm embedded/7 2017-q4-major/bin/../lib/gcc/arm-none-eabi/7.2.1/../../../../arm-none-eabi/lib/thumb/v7-m\libg_nano.a(lib_a-findfp.o) (__sread)
c:/program files (x86)/gnu tools arm embedded/7 2017-q4-major/bin/../lib/gcc/arm-none-eabi/7.2.1/../../../../arm-none-eabi/lib/thumb/v7-m\libg_nano.a(lib_a-wbuf.o)
                              c:/program files (x86)/gnu tools arm embedded/7 2017-q4-major/bin/../lib/gcc/arm-none-eabi/7.2.1/../../../../arm-none-eabi/lib/thumb/v7-m\libg_nano.a(lib_a-nano-vfprintf.o) (__swbuf_r)
c:/program files (x86)/gnu tools arm embedded/7 2017-q4-major/bin/../lib/gcc/arm-none-eabi/7.2.1/../../../../arm-none-eabi/lib/thumb/v7-m\libg_nano.a(lib_a-writer.o)
                              c:/program files (x86)/gnu tools arm embedded/7 2017-q4-major/bin/../lib/gcc/arm-none-eabi/7.2.1/../../../../arm-none-eabi/lib/thumb/v7-m\libg_nano.a(lib_a-stdio.o) (_write_r)
c:/program files (x86)/gnu tools arm embedded/7 2017-q4-major/bin/../lib/gcc/arm-none-eabi/7.2.1/../../../../arm-none-eabi/lib/thumb/v7-m\libg_nano.a(lib_a-wsetup.o)
[...]
Memory Configuration

Name             Origin             Length             Attributes
RAM              0x20000000         0x0000c000         xrw
CCMRAM           0x00000000         0x00000000         xrw
FLASH            0x08000000         0x00040000         xr
FLASHB1          0x00000000         0x00000000         xr
EXTMEMB0         0x00000000         0x00000000         xr
EXTMEMB1         0x00000000         0x00000000         xr
EXTMEMB2         0x00000000         0x00000000         xr
EXTMEMB3         0x00000000         0x00000000         xr
MEMORY_ARRAY     0x00000000         0x00000000         xrw
*default*        0x00000000         0xffffffff

Linker script and memory map

LOAD ./system/src/stm32f1-stdperiph/misc.o
LOAD ./system/src/stm32f1-stdperiph/stm32f10x_gpio.o
LOAD ./system/src/stm32f1-stdperiph/stm32f10x_rcc.o
LOAD ./system/src/stm32f1-stdperiph/stm32f10x_usart.o
LOAD ./system/src/newlib/_cxx.o
LOAD ./system/src/newlib/_exit.o
LOAD ./system/src/newlib/_sbrk.o
LOAD ./system/src/newlib/_startup.o
LOAD ./system/src/newlib/_syscalls.o
LOAD ./system/src/newlib/assert.o
LOAD ./system/src/diag/Trace.o
LOAD ./system/src/diag/trace_impl.o
LOAD ./system/src/cortexm/_initialize_hardware.o
LOAD ./system/src/cortexm/_reset_hardware.o
LOAD ./system/src/cortexm/exception_handlers.o
LOAD ./system/src/cmsis/system_stm32f10x.o
LOAD ./system/src/cmsis/vectors_stm32f10x.o
LOAD ./src/main.o
LOAD ./src/retarget.o
LOAD c:/program files (x86)/gnu tools arm embedded/7 2017-q4-major/bin/../lib/gcc/arm-none-eabi/7.2.1/../../../../arm-none-eabi/lib/thumb/v7-m\libstdc++_nano.a
LOAD c:/program files (x86)/gnu tools arm embedded/7 2017-q4-major/bin/../lib/gcc/arm-none-eabi/7.2.1/../../../../arm-none-eabi/lib/thumb/v7-m\libm.a
START GROUP
LOAD c:/program files (x86)/gnu tools arm embedded/7 2017-q4-major/bin/../lib/gcc/arm-none-eabi/7.2.1/thumb/v7-m\libgcc.a
LOAD c:/program files (x86)/gnu tools arm embedded/7 2017-q4-major/bin/../lib/gcc/arm-none-eabi/7.2.1/../../../../arm-none-eabi/lib/thumb/v7-m\libg_nano.a
LOAD c:/program files (x86)/gnu tools arm embedded/7 2017-q4-major/bin/../lib/gcc/arm-none-eabi/7.2.1/../../../../arm-none-eabi/lib/thumb/v7-m\libc_nano.a
END GROUP
START GROUP
LOAD c:/program files (x86)/gnu tools arm embedded/7 2017-q4-major/bin/../lib/gcc/arm-none-eabi/7.2.1/thumb/v7-m\libgcc.a
LOAD c:/program files (x86)/gnu tools arm embedded/7 2017-q4-major/bin/../lib/gcc/arm-none-eabi/7.2.1/../../../../arm-none-eabi/lib/thumb/v7-m\libc_nano.a
LOAD c:/program files (x86)/gnu tools arm embedded/7 2017-q4-major/bin/../lib/gcc/arm-none-eabi/7.2.1/../../../../arm-none-eabi/lib/thumb/v7-m\libnosys.a
END GROUP
START GROUP
LOAD c:/program files (x86)/gnu tools arm embedded/7 2017-q4-major/bin/../lib/gcc/arm-none-eabi/7.2.1/thumb/v7-m\libgcc.a
LOAD c:/program files (x86)/gnu tools arm embedded/7 2017-q4-major/bin/../lib/gcc/arm-none-eabi/7.2.1/../../../../arm-none-eabi/lib/thumb/v7-m\libc_nano.a
LOAD c:/program files (x86)/gnu tools arm embedded/7 2017-q4-major/bin/../lib/gcc/arm-none-eabi/7.2.1/../../../../arm-none-eabi/lib/thumb/v7-m\libnosys.a
END GROUP
                0x2000c000                __stack = (ORIGIN (RAM) + LENGTH (RAM))
                0x2000c000                _estack = __stack
                0x00000400                __Main_Stack_Size = 0x400
                [!provide]                PROVIDE (_Main_Stack_Size, __Main_Stack_Size)
                0x2000bc00                __Main_Stack_Limit = (__stack - __Main_Stack_Size)
                [!provide]                PROVIDE (_Main_Stack_Limit, __Main_Stack_Limit)
                0x00000100                _Minimum_Stack_Size = 0x100
                0x200000b8                PROVIDE (_Heap_Begin, _end_noinit)
                0x2000bc00                PROVIDE (_Heap_Limit, (__stack - __Main_Stack_Size))

.isr_vector     0x08000000      0x36c
 FILL mask 0xff
                0x08000000                __vectors_start = ABSOLUTE (.)
                0x08000000                __vectors_start__ = ABSOLUTE (.)
 *(.isr_vector)
 .isr_vector    0x08000000      0x1e4 ./system/src/cmsis/vectors_stm32f10x.o
                0x08000000                __isr_vectors
 *(.cfmconfig)
 *(.after_vectors .after_vectors.*)
 .after_vectors
                0x080001e4      0x114 ./system/src/newlib/_startup.o
                0x080001e4                _start
 .after_vectors
                0x080002f8       0x70 ./system/src/cortexm/exception_handlers.o
                0x080002f8                Reset_Handler
                0x080002fe                NMI_Handler
                0x08000302                HardFault_Handler
                0x08000316                HardFault_Handler_C
                0x0800031a                MemManage_Handler
                0x0800031e                BusFault_Handler
                0x08000332                BusFault_Handler_C
                0x08000336                UsageFault_Handler
                0x0800034a                UsageFault_Handler_C
                0x0800034e                SVC_Handler
                0x08000352                DebugMon_Handler
                0x08000356                PendSV_Handler
                0x0800035a                SysTick_Handler
 .after_vectors
                0x08000368        0x4 ./system/src/cmsis/vectors_stm32f10x.o
                0x08000368                EXTI2_IRQHandler
                0x08000368                TIM8_TRG_COM_IRQHandler
                0x08000368                TIM8_CC_IRQHandler
                0x08000368                TIM1_CC_IRQHandler
                0x08000368                TIM6_IRQHandler
                0x08000368                PVD_IRQHandler
                0x08000368                SDIO_IRQHandler
                0x08000368                CAN2_RX1_IRQHandler
                0x08000368                EXTI3_IRQHandler
                0x08000368                TIM8_TRG_COM_TIM14_IRQHandler
                0x08000368                TIM1_UP_TIM10_IRQHandler
                0x08000368                TIM8_UP_TIM13_IRQHandler
                0x08000368                EXTI0_IRQHandler
                0x08000368                I2C2_EV_IRQHandler
                0x08000368                CAN1_RX0_IRQHandler
                0x08000368                TIM1_UP_TIM16_IRQHandler
                0x08000368                CAN2_SCE_IRQHandler
                0x08000368                ADC1_2_IRQHandler
                0x08000368                SPI1_IRQHandler
                0x08000368                TAMPER_IRQHandler
                0x08000368                TIM6_DAC_IRQHandler
                0x08000368                TIM1_BRK_TIM9_IRQHandler
                0x08000368                CAN2_RX0_IRQHandler
                0x08000368                TIM8_UP_IRQHandler
                0x08000368                DMA2_Channel2_IRQHandler
                0x08000368                DMA1_Channel4_IRQHandler
                0x08000368                USART3_IRQHandler
                0x08000368                RTC_IRQHandler
                0x08000368                DMA1_Channel7_IRQHandler
                0x08000368                CAN1_RX1_IRQHandler
                0x08000368                UART5_IRQHandler
                0x08000368                ADC3_IRQHandler
                0x08000368                TIM4_IRQHandler
                0x08000368                DMA2_Channel1_IRQHandler
                0x08000368                I2C1_EV_IRQHandler
                0x08000368                DMA1_Channel6_IRQHandler
                0x08000368                UART4_IRQHandler
                0x08000368                DMA2_Channel4_IRQHandler
                0x08000368                TIM3_IRQHandler
                0x08000368                RCC_IRQHandler
                0x08000368                TIM8_BRK_TIM12_IRQHandler
                0x08000368                TIM1_TRG_COM_IRQHandler
                0x08000368                DMA1_Channel1_IRQHandler
                0x08000368                Default_Handler
                0x08000368                CEC_IRQHandler
                0x08000368                EXTI15_10_IRQHandler
                0x08000368                TIM14_IRQHandler
                0x08000368                TIM13_IRQHandler
                0x08000368                TIM12_IRQHandler
                0x08000368                TIM7_IRQHandler
                0x08000368                CAN2_TX_IRQHandler
                0x08000368                TIM5_IRQHandler
                0x08000368                EXTI9_5_IRQHandler
                0x08000368                ETH_WKUP_IRQHandler
                0x08000368                SPI2_IRQHandler
                0x08000368                CAN1_TX_IRQHandler
                0x08000368                DMA2_Channel5_IRQHandler
                0x08000368                DMA1_Channel5_IRQHandler
                0x08000368                EXTI4_IRQHandler
                0x08000368                USB_LP_CAN1_RX0_IRQHandler
                0x08000368                TIM1_TRG_COM_TIM17_IRQHandler
                0x08000368                USB_HP_CAN1_TX_IRQHandler
                0x08000368                DMA1_Channel3_IRQHandler
                0x08000368                FSMC_IRQHandler
                0x08000368                ETH_IRQHandler
                0x08000368                TIM1_UP_IRQHandler
                0x08000368                WWDG_IRQHandler
                0x08000368                TIM2_IRQHandler
                0x08000368                OTG_FS_WKUP_IRQHandler
                0x08000368                TIM1_TRG_COM_TIM11_IRQHandler
                0x08000368                TIM1_BRK_IRQHandler
                0x08000368                EXTI1_IRQHandler
                0x08000368                RTCAlarm_IRQHandler
                0x08000368                DMA2_Channel4_5_IRQHandler
                0x08000368                USART2_IRQHandler
                0x08000368                I2C2_ER_IRQHandler
                0x08000368                DMA1_Channel2_IRQHandler
                0x08000368                TIM8_BRK_IRQHandler
                0x08000368                CAN1_SCE_IRQHandler
                0x08000368                FLASH_IRQHandler
                0x08000368                USART1_IRQHandler
                0x08000368                OTG_FS_IRQHandler
                0x08000368                SPI3_IRQHandler
                0x08000368                I2C1_ER_IRQHandler
                0x08000368                USBWakeUp_IRQHandler
                0x08000368                DMA2_Channel3_IRQHandler
                0x08000368                TIM1_BRK_TIM15_IRQHandler

.inits          0x0800036c       0x28
                0x0800036c                __data_regions_array_start = .
                0x0800036c        0x4 LONG 0x8001c5c LOADADDR (.data)
                0x08000370        0x4 LONG 0x20000000 ADDR (.data)
                0x08000374        0x4 LONG 0x2000009c (ADDR (.data) + SIZEOF (.data))
                0x08000378        0x4 LONG 0x8001c5c LOADADDR (.data_CCMRAM)
                0x0800037c        0x4 LONG 0x0 ADDR (.data_CCMRAM)
                0x08000380        0x4 LONG 0x0 (ADDR (.data_CCMRAM) + SIZEOF (.data_CCMRAM))
                0x08000384                __data_regions_array_end = .
                0x08000384                __bss_regions_array_start = .
                0x08000384        0x4 LONG 0x2000009c ADDR (.bss)
                0x08000388        0x4 LONG 0x200000b8 (ADDR (.bss) + SIZEOF (.bss))
                0x0800038c        0x4 LONG 0x0 ADDR (.bss_CCMRAM)
                0x08000390        0x4 LONG 0x0 (ADDR (.bss_CCMRAM) + SIZEOF (.bss_CCMRAM))
                0x08000394                __bss_regions_array_end = .
 *(.init)
 *(.fini)
                0x08000394                . = ALIGN (0x4)
                0x08000394                PROVIDE (__preinit_array_start, .)
 *(.preinit_array_sysinit .preinit_array_sysinit.*)
 *(.preinit_array_platform .preinit_array_platform.*)
 *(.preinit_array .preinit_array.*)
                0x08000394                PROVIDE (__preinit_array_end, .)
                0x08000394                . = ALIGN (0x4)
                0x08000394                PROVIDE (__init_array_start, .)
 *(SORT_BY_NAME(.init_array.*))
 *(.init_array)
                0x08000394                PROVIDE (__init_array_end, .)
                0x08000394                . = ALIGN (0x4)
                0x08000394                PROVIDE (__fini_array_start, .)
 *(SORT_BY_NAME(.fini_array.*))
 *(.fini_array)
                0x08000394                PROVIDE (__fini_array_end, .)

.flashtext
 *(.flashtext .flashtext.*)

.text           0x08000394     0x18c7
 *(.text .text.*)
 .text.GPIO_Init
                0x08000394      0x134 ./system/src/stm32f1-stdperiph/stm32f10x_gpio.o
                0x08000394                GPIO_Init
 .text.GPIO_StructInit
                0x080004c8       0x10 ./system/src/stm32f1-stdperiph/stm32f10x_gpio.o
                0x080004c8                GPIO_StructInit
 .text.RCC_GetClocksFreq
                0x080004d8       0xbc ./system/src/stm32f1-stdperiph/stm32f10x_rcc.o
                0x080004d8                RCC_GetClocksFreq
 .text.RCC_APB2PeriphClockCmd
                0x08000594       0x4c ./system/src/stm32f1-stdperiph/stm32f10x_rcc.o
                0x08000594                RCC_APB2PeriphClockCmd
 .text.RCC_APB1PeriphClockCmd
                0x080005e0       0x4c ./system/src/stm32f1-stdperiph/stm32f10x_rcc.o
                0x080005e0                RCC_APB1PeriphClockCmd
 .text.USART_Init
                0x0800062c      0x1b8 ./system/src/stm32f1-stdperiph/stm32f10x_usart.o
                0x0800062c                USART_Init
 .text.USART_StructInit
                0x080007e4       0x16 ./system/src/stm32f1-stdperiph/stm32f10x_usart.o
                0x080007e4                USART_StructInit
 *fill*         0x080007fa        0x2 
 .text.USART_Cmd
                0x080007fc       0x68 ./system/src/stm32f1-stdperiph/stm32f10x_usart.o
                0x080007fc                USART_Cmd
 .text.USART_SendData
                0x08000864       0x58 ./system/src/stm32f1-stdperiph/stm32f10x_usart.o
                0x08000864                USART_SendData
 .text.USART_GetFlagStatus
                0x080008bc       0xac ./system/src/stm32f1-stdperiph/stm32f10x_usart.o
                0x080008bc                USART_GetFlagStatus
 .text._exit    0x08000968        0x2 ./system/src/newlib/_exit.o
                0x08000968                _exit
 .text.abort    0x0800096a        0x8 ./system/src/newlib/_exit.o
                0x0800096a                abort
 *fill*         0x08000972        0x2 
 .text._sbrk    0x08000974       0x44 ./system/src/newlib/_sbrk.o
                0x08000974                _sbrk
 .text.__initialize_args
                0x080009b8       0x10 ./system/src/newlib/_syscalls.o
                0x080009b8                __initialize_args
 .text.assert_failed
                0x080009c8        0x6 ./system/src/newlib/assert.o
                0x080009c8                assert_failed
 *fill*         0x080009ce        0x2 
 .text.__initialize_hardware_early
                0x080009d0       0x18 ./system/src/cortexm/_initialize_hardware.o
                0x080009d0                __initialize_hardware_early
 .text.__initialize_hardware
                0x080009e8        0x8 ./system/src/cortexm/_initialize_hardware.o
                0x080009e8                __initialize_hardware
 .text.SetSysClockTo72
                0x080009f0       0xc4 ./system/src/cmsis/system_stm32f10x.o
 .text.SetSysClock
                0x08000ab4        0x8 ./system/src/cmsis/system_stm32f10x.o
 .text.SystemInit
                0x08000abc       0x50 ./system/src/cmsis/system_stm32f10x.o
                0x08000abc                SystemInit
 .text.SystemCoreClockUpdate
                0x08000b0c       0x94 ./system/src/cmsis/system_stm32f10x.o
                0x08000b0c                SystemCoreClockUpdate
 .text.uart_putc
                0x08000ba0       0x1a ./src/main.o
                0x08000ba0                uart_putc
 *fill*         0x08000bba        0x2 
 .text.main     0x08000bbc       0xdc ./src/main.o
                0x08000bbc                main
 .text.UartPutc
                0x08000c98       0x1a ./src/retarget.o
                0x08000c98                UartPutc
 *fill*         0x08000cb2        0x2 
 .text._write   0x08000cb4       0x24 ./src/retarget.o
                0x08000cb4                _write
 .text.__errno  0x08000cd8        0xc c:/program files (x86)/gnu tools arm embedded/7 2017-q4-major/bin/../lib/gcc/arm-none-eabi/7.2.1/../../../../arm-none-eabi/lib/thumb/v7-m\libg_nano.a(lib_a-errno.o)
                0x08000cd8                __errno
 .text.printf   0x08000ce4       0x30 c:/program files (x86)/gnu tools arm embedded/7 2017-q4-major/bin/../lib/gcc/arm-none-eabi/7.2.1/../../../../arm-none-eabi/lib/thumb/v7-m\libg_nano.a(lib_a-printf.o)
                0x08000ce4                iprintf
                0x08000ce4                printf
 .text.std      0x08000d14       0x48 c:/program files (x86)/gnu tools arm embedded/7 2017-q4-major/bin/../lib/gcc/arm-none-eabi/7.2.1/../../../../arm-none-eabi/lib/thumb/v7-m\libg_nano.a(lib_a-findfp.o)
 .text._cleanup_r
                0x08000d5c        0xc c:/program files (x86)/gnu tools arm embedded/7 2017-q4-major/bin/../lib/gcc/arm-none-eabi/7.2.1/../../../../arm-none-eabi/lib/thumb/v7-m\libg_nano.a(lib_a-findfp.o)
                0x08000d5c                _cleanup_r
 .text.__sfmoreglue
                0x08000d68       0x2c c:/program files (x86)/gnu tools arm embedded/7 2017-q4-major/bin/../lib/gcc/arm-none-eabi/7.2.1/../../../../arm-none-eabi/lib/thumb/v7-m\libg_nano.a(lib_a-findfp.o)
                0x08000d68                __sfmoreglue
 .text.__sinit  0x08000d94       0x60 c:/program files (x86)/gnu tools arm embedded/7 2017-q4-major/bin/../lib/gcc/arm-none-eabi/7.2.1/../../../../arm-none-eabi/lib/thumb/v7-m\libg_nano.a(lib_a-findfp.o)
                0x08000d94                __sinit
 .text.__sfp    0x08000df4       0x78 c:/program files (x86)/gnu tools arm embedded/7 2017-q4-major/bin/../lib/gcc/arm-none-eabi/7.2.1/../../../../arm-none-eabi/lib/thumb/v7-m\libg_nano.a(lib_a-findfp.o)
                0x08000df4                __sfp
 .text._fwalk_reent
                0x08000e6c       0x3c c:/program files (x86)/gnu tools arm embedded/7 2017-q4-major/bin/../lib/gcc/arm-none-eabi/7.2.1/../../../../arm-none-eabi/lib/thumb/v7-m\libg_nano.a(lib_a-fwalk.o)
                0x08000e6c                _fwalk_reent
 .text.memset   0x08000ea8       0x10 c:/program files (x86)/gnu tools arm embedded/7 2017-q4-major/bin/../lib/gcc/arm-none-eabi/7.2.1/../../../../arm-none-eabi/lib/thumb/v7-m\libg_nano.a(lib_a-memset.o)
                0x08000ea8                memset
 .text._malloc_r
                0x08000eb8       0xb4 c:/program files (x86)/gnu tools arm embedded/7 2017-q4-major/bin/../lib/gcc/arm-none-eabi/7.2.1/../../../../arm-none-eabi/lib/thumb/v7-m\libg_nano.a(lib_a-nano-mallocr.o)
                0x08000eb8                _malloc_r
 .text.__sfputc_r
                0x08000f6c       0x2a c:/program files (x86)/gnu tools arm embedded/7 2017-q4-major/bin/../lib/gcc/arm-none-eabi/7.2.1/../../../../arm-none-eabi/lib/thumb/v7-m\libg_nano.a(lib_a-nano-vfprintf.o)
 .text.__sfputs_r
                0x08000f96       0x24 c:/program files (x86)/gnu tools arm embedded/7 2017-q4-major/bin/../lib/gcc/arm-none-eabi/7.2.1/../../../../arm-none-eabi/lib/thumb/v7-m\libg_nano.a(lib_a-nano-vfprintf.o)
                0x08000f96                __sfputs_r
 *fill*         0x08000fba        0x2 
 .text._vfprintf_r
                0x08000fbc      0x228 c:/program files (x86)/gnu tools arm embedded/7 2017-q4-major/bin/../lib/gcc/arm-none-eabi/7.2.1/../../../../arm-none-eabi/lib/thumb/v7-m\libg_nano.a(lib_a-nano-vfprintf.o)
                0x08000fbc                _vfprintf_r
                0x08000fbc                _vfiprintf_r
 .text._printf_common
                0x080011e4       0xec c:/program files (x86)/gnu tools arm embedded/7 2017-q4-major/bin/../lib/gcc/arm-none-eabi/7.2.1/../../../../arm-none-eabi/lib/thumb/v7-m\libg_nano.a(lib_a-nano-vfprintf_i.o)
                0x080011e4                _printf_common
 .text._printf_i
                0x080012d0      0x224 c:/program files (x86)/gnu tools arm embedded/7 2017-q4-major/bin/../lib/gcc/arm-none-eabi/7.2.1/../../../../arm-none-eabi/lib/thumb/v7-m\libg_nano.a(lib_a-nano-vfprintf_i.o)
                0x080012d0                _printf_i
 .text._sbrk_r  0x080014f4       0x20 c:/program files (x86)/gnu tools arm embedded/7 2017-q4-major/bin/../lib/gcc/arm-none-eabi/7.2.1/../../../../arm-none-eabi/lib/thumb/v7-m\libg_nano.a(lib_a-sbrkr.o)
                0x080014f4                _sbrk_r
 .text.__sread  0x08001514       0x22 c:/program files (x86)/gnu tools arm embedded/7 2017-q4-major/bin/../lib/gcc/arm-none-eabi/7.2.1/../../../../arm-none-eabi/lib/thumb/v7-m\libg_nano.a(lib_a-stdio.o)
                0x08001514                __sread
 .text.__swrite
                0x08001536       0x38 c:/program files (x86)/gnu tools arm embedded/7 2017-q4-major/bin/../lib/gcc/arm-none-eabi/7.2.1/../../../../arm-none-eabi/lib/thumb/v7-m\libg_nano.a(lib_a-stdio.o)
                0x08001536                __swrite
 .text.__sseek  0x0800156e       0x24 c:/program files (x86)/gnu tools arm embedded/7 2017-q4-major/bin/../lib/gcc/arm-none-eabi/7.2.1/../../../../arm-none-eabi/lib/thumb/v7-m\libg_nano.a(lib_a-stdio.o)
                0x0800156e                __sseek
 .text.__sclose
                0x08001592        0x8 c:/program files (x86)/gnu tools arm embedded/7 2017-q4-major/bin/../lib/gcc/arm-none-eabi/7.2.1/../../../../arm-none-eabi/lib/thumb/v7-m\libg_nano.a(lib_a-stdio.o)
                0x08001592                __sclose
 *fill*         0x0800159a        0x2 
 .text.__swbuf_r
                0x0800159c       0xa4 c:/program files (x86)/gnu tools arm embedded/7 2017-q4-major/bin/../lib/gcc/arm-none-eabi/7.2.1/../../../../arm-none-eabi/lib/thumb/v7-m\libg_nano.a(lib_a-wbuf.o)
                0x0800159c                __swbuf_r
 .text._write_r
                0x08001640       0x24 c:/program files (x86)/gnu tools arm embedded/7 2017-q4-major/bin/../lib/gcc/arm-none-eabi/7.2.1/../../../../arm-none-eabi/lib/thumb/v7-m\libg_nano.a(lib_a-writer.o)
                0x08001640                _write_r
 .text.__swsetup_r
                0x08001664       0xdc c:/program files (x86)/gnu tools arm embedded/7 2017-q4-major/bin/../lib/gcc/arm-none-eabi/7.2.1/../../../../arm-none-eabi/lib/thumb/v7-m\libg_nano.a(lib_a-wsetup.o)
                0x08001664                __swsetup_r
 .text._close_r
                0x08001740       0x20 c:/program files (x86)/gnu tools arm embedded/7 2017-q4-major/bin/../lib/gcc/arm-none-eabi/7.2.1/../../../../arm-none-eabi/lib/thumb/v7-m\libg_nano.a(lib_a-closer.o)
                0x08001740                _close_r
 .text.__sflush_r
                0x08001760      0x10c c:/program files (x86)/gnu tools arm embedded/7 2017-q4-major/bin/../lib/gcc/arm-none-eabi/7.2.1/../../../../arm-none-eabi/lib/thumb/v7-m\libg_nano.a(lib_a-fflush.o)
                0x08001760                __sflush_r
 .text._fflush_r
                0x0800186c       0x54 c:/program files (x86)/gnu tools arm embedded/7 2017-q4-major/bin/../lib/gcc/arm-none-eabi/7.2.1/../../../../arm-none-eabi/lib/thumb/v7-m\libg_nano.a(lib_a-fflush.o)
                0x0800186c                _fflush_r
 .text._lseek_r
                0x080018c0       0x24 c:/program files (x86)/gnu tools arm embedded/7 2017-q4-major/bin/../lib/gcc/arm-none-eabi/7.2.1/../../../../arm-none-eabi/lib/thumb/v7-m\libg_nano.a(lib_a-lseekr.o)
                0x080018c0                _lseek_r
 .text.__swhatbuf_r
                0x080018e4       0x48 c:/program files (x86)/gnu tools arm embedded/7 2017-q4-major/bin/../lib/gcc/arm-none-eabi/7.2.1/../../../../arm-none-eabi/lib/thumb/v7-m\libg_nano.a(lib_a-makebuf.o)
                0x080018e4                __swhatbuf_r
 .text.__smakebuf_r
                0x0800192c       0x80 c:/program files (x86)/gnu tools arm embedded/7 2017-q4-major/bin/../lib/gcc/arm-none-eabi/7.2.1/../../../../arm-none-eabi/lib/thumb/v7-m\libg_nano.a(lib_a-makebuf.o)
                0x0800192c                __smakebuf_r
 .text.memchr   0x080019ac       0x1c c:/program files (x86)/gnu tools arm embedded/7 2017-q4-major/bin/../lib/gcc/arm-none-eabi/7.2.1/../../../../arm-none-eabi/lib/thumb/v7-m\libg_nano.a(lib_a-memchr-stub.o)
                0x080019ac                memchr
 .text.__malloc_lock
                0x080019c8        0x2 c:/program files (x86)/gnu tools arm embedded/7 2017-q4-major/bin/../lib/gcc/arm-none-eabi/7.2.1/../../../../arm-none-eabi/lib/thumb/v7-m\libg_nano.a(lib_a-mlock.o)
                0x080019c8                __malloc_lock
 .text.__malloc_unlock
                0x080019ca        0x2 c:/program files (x86)/gnu tools arm embedded/7 2017-q4-major/bin/../lib/gcc/arm-none-eabi/7.2.1/../../../../arm-none-eabi/lib/thumb/v7-m\libg_nano.a(lib_a-mlock.o)
                0x080019ca                __malloc_unlock
 .text._free_r  0x080019cc       0x98 c:/program files (x86)/gnu tools arm embedded/7 2017-q4-major/bin/../lib/gcc/arm-none-eabi/7.2.1/../../../../arm-none-eabi/lib/thumb/v7-m\libg_nano.a(lib_a-nano-freer.o)
                0x080019cc                _free_r
 .text._read_r  0x08001a64       0x24 c:/program files (x86)/gnu tools arm embedded/7 2017-q4-major/bin/../lib/gcc/arm-none-eabi/7.2.1/../../../../arm-none-eabi/lib/thumb/v7-m\libg_nano.a(lib_a-readr.o)
                0x08001a64                _read_r
 .text._fstat_r
                0x08001a88       0x24 c:/program files (x86)/gnu tools arm embedded/7 2017-q4-major/bin/../lib/gcc/arm-none-eabi/7.2.1/../../../../arm-none-eabi/lib/thumb/v7-m\libg_nano.a(lib_a-fstatr.o)
                0x08001a88                _fstat_r
 .text._isatty_r
                0x08001aac       0x20 c:/program files (x86)/gnu tools arm embedded/7 2017-q4-major/bin/../lib/gcc/arm-none-eabi/7.2.1/../../../../arm-none-eabi/lib/thumb/v7-m\libg_nano.a(lib_a-isattyr.o)
                0x08001aac                _isatty_r
 .text._close   0x08001acc       0x10 c:/program files (x86)/gnu tools arm embedded/7 2017-q4-major/bin/../lib/gcc/arm-none-eabi/7.2.1/../../../../arm-none-eabi/lib/thumb/v7-m\libnosys.a(close.o)
                0x08001acc                _close
 .text._fstat   0x08001adc       0x10 c:/program files (x86)/gnu tools arm embedded/7 2017-q4-major/bin/../lib/gcc/arm-none-eabi/7.2.1/../../../../arm-none-eabi/lib/thumb/v7-m\libnosys.a(fstat.o)
                0x08001adc                _fstat
 .text._isatty  0x08001aec       0x10 c:/program files (x86)/gnu tools arm embedded/7 2017-q4-major/bin/../lib/gcc/arm-none-eabi/7.2.1/../../../../arm-none-eabi/lib/thumb/v7-m\libnosys.a(isatty.o)
                0x08001aec                _isatty
 .text._lseek   0x08001afc       0x10 c:/program files (x86)/gnu tools arm embedded/7 2017-q4-major/bin/../lib/gcc/arm-none-eabi/7.2.1/../../../../arm-none-eabi/lib/thumb/v7-m\libnosys.a(lseek.o)
                0x08001afc                _lseek
 .text._read    0x08001b0c       0x10 c:/program files (x86)/gnu tools arm embedded/7 2017-q4-major/bin/../lib/gcc/arm-none-eabi/7.2.1/../../../../arm-none-eabi/lib/thumb/v7-m\libnosys.a(read.o)
                0x08001b0c                _read
 *(.rodata .rodata.* .constdata .constdata.*)
 .rodata.GPIO_DeInit.str1.4
                0x08001b1c       0x31 ./system/src/stm32f1-stdperiph/stm32f10x_gpio.o
 *fill*         0x08001b4d        0x3 
 .rodata.RCC_HSEConfig.str1.4
                0x08001b50       0x30 ./system/src/stm32f1-stdperiph/stm32f10x_rcc.o
 .rodata.USART_DeInit.str1.4
                0x08001b80       0x32 ./system/src/stm32f1-stdperiph/stm32f10x_usart.o
 *fill*         0x08001bb2        0x2 
 .rodata.main.str1.4
                0x08001bb4       0x10 ./src/main.o
                                  0xe (size before relaxing)
 .rodata._global_impure_ptr
                0x08001bc4        0x4 c:/program files (x86)/gnu tools arm embedded/7 2017-q4-major/bin/../lib/gcc/arm-none-eabi/7.2.1/../../../../arm-none-eabi/lib/thumb/v7-m\libg_nano.a(lib_a-impure.o)
                0x08001bc4                _global_impure_ptr
 .rodata.__sf_fake_stderr
                0x08001bc8       0x20 c:/program files (x86)/gnu tools arm embedded/7 2017-q4-major/bin/../lib/gcc/arm-none-eabi/7.2.1/../../../../arm-none-eabi/lib/thumb/v7-m\libg_nano.a(lib_a-findfp.o)
                0x08001bc8                __sf_fake_stderr
 .rodata.__sf_fake_stdin
                0x08001be8       0x20 c:/program files (x86)/gnu tools arm embedded/7 2017-q4-major/bin/../lib/gcc/arm-none-eabi/7.2.1/../../../../arm-none-eabi/lib/thumb/v7-m\libg_nano.a(lib_a-findfp.o)
                0x08001be8                __sf_fake_stdin
 .rodata.__sf_fake_stdout
                0x08001c08       0x20 c:/program files (x86)/gnu tools arm embedded/7 2017-q4-major/bin/../lib/gcc/arm-none-eabi/7.2.1/../../../../arm-none-eabi/lib/thumb/v7-m\libg_nano.a(lib_a-findfp.o)
                0x08001c08                __sf_fake_stdout
 .rodata._vfprintf_r.str1.1
                0x08001c28       0x11 c:/program files (x86)/gnu tools arm embedded/7 2017-q4-major/bin/../lib/gcc/arm-none-eabi/7.2.1/../../../../arm-none-eabi/lib/thumb/v7-m\libg_nano.a(lib_a-nano-vfprintf.o)
 .rodata._printf_i.str1.1
                0x08001c39       0x22 c:/program files (x86)/gnu tools arm embedded/7 2017-q4-major/bin/../lib/gcc/arm-none-eabi/7.2.1/../../../../arm-none-eabi/lib/thumb/v7-m\libg_nano.a(lib_a-nano-vfprintf_i.o)
 *(vtable)
 *(.eh_frame*)
 *(.glue_7)
 .glue_7        0x08001c5b        0x0 linker stubs
 *(.glue_7t)
 .glue_7t       0x08001c5b        0x0 linker stubs

.vfp11_veneer   0x08001c5c        0x0
 .vfp11_veneer  0x08001c5c        0x0 linker stubs

.v4_bx          0x08001c5c        0x0
 .v4_bx         0x08001c5c        0x0 linker stubs

.iplt           0x08001c5c        0x0
 .iplt          0x08001c5c        0x0 ./system/src/stm32f1-stdperiph/stm32f10x_gpio.o

.rel.dyn        0x08001c5c        0x0
 .rel.iplt      0x08001c5c        0x0 ./system/src/stm32f1-stdperiph/stm32f10x_gpio.o

.ARM.extab
 *(.ARM.extab* .gnu.linkonce.armextab.*)
                0x08001c5c                . = ALIGN (0x4)
                0x08001c5c                __exidx_start = .

.ARM.exidx
 *(.ARM.exidx* .gnu.linkonce.armexidx.*)
                0x08001c5c                __exidx_end = .
                0x08001c5c                . = ALIGN (0x4)
                0x08001c5c                _etext = .
                0x08001c5c                __etext = .

.data_CCMRAM    0x00000000        0x0 load address 0x08001c5c
 FILL mask 0xff
 *(.data.CCMRAM .data.CCMRAM.*)
                0x00000000                . = ALIGN (0x4)
                0x08001c5c                _sidata = LOADADDR (.data)

.data           0x20000000       0x9c load address 0x08001c5c
 FILL mask 0xff
                0x20000000                _sdata = .
                0x20000000                __data_start__ = .
 *(.data_begin .data_begin.*)
 .data_begin    0x20000000        0x4 ./system/src/newlib/_startup.o
 *(.data .data.*)
 .data.ADCPrescTable
                0x20000004        0x4 ./system/src/stm32f1-stdperiph/stm32f10x_rcc.o
 .data.APBAHBPrescTable
                0x20000008       0x10 ./system/src/stm32f1-stdperiph/stm32f10x_rcc.o
 .data.argv.4310
                0x20000018        0x8 ./system/src/newlib/_syscalls.o
 .data.AHBPrescTable
                0x20000020       0x10 ./system/src/cmsis/system_stm32f10x.o
                0x20000020                AHBPrescTable
 .data.SystemCoreClock
                0x20000030        0x4 ./system/src/cmsis/system_stm32f10x.o
                0x20000030                SystemCoreClock
 .data._impure_ptr
                0x20000034        0x4 c:/program files (x86)/gnu tools arm embedded/7 2017-q4-major/bin/../lib/gcc/arm-none-eabi/7.2.1/../../../../arm-none-eabi/lib/thumb/v7-m\libg_nano.a(lib_a-impure.o)
                0x20000034                _impure_ptr
 .data.impure_data
                0x20000038       0x60 c:/program files (x86)/gnu tools arm embedded/7 2017-q4-major/bin/../lib/gcc/arm-none-eabi/7.2.1/../../../../arm-none-eabi/lib/thumb/v7-m\libg_nano.a(lib_a-impure.o)
 *(.data_end .data_end.*)
 .data_end      0x20000098        0x4 ./system/src/newlib/_startup.o
                0x2000009c                . = ALIGN (0x4)
                0x2000009c                _edata = .
                0x2000009c                __data_end__ = .

.igot.plt       0x2000009c        0x0 load address 0x08001cf8
 .igot.plt      0x2000009c        0x0 ./system/src/stm32f1-stdperiph/stm32f10x_gpio.o

.bss_CCMRAM     0x00000000        0x0
 *(.bss.CCMRAM .bss.CCMRAM.*)

.bss            0x2000009c       0x1c
                0x2000009c                __bss_start__ = .
                0x2000009c                _sbss = .
 *(.bss_begin .bss_begin.*)
 .bss_begin     0x2000009c        0x4 ./system/src/newlib/_startup.o
 *(.bss .bss.*)
 .bss.current_heap_end.3961
                0x200000a0        0x4 ./system/src/newlib/_sbrk.o
 .bss.name.4309
                0x200000a4        0x1 ./system/src/newlib/_syscalls.o
 *fill*         0x200000a5        0x3 
 .bss.__malloc_free_list
                0x200000a8        0x4 c:/program files (x86)/gnu tools arm embedded/7 2017-q4-major/bin/../lib/gcc/arm-none-eabi/7.2.1/../../../../arm-none-eabi/lib/thumb/v7-m\libg_nano.a(lib_a-nano-mallocr.o)
                0x200000a8                __malloc_free_list
 .bss.__malloc_sbrk_start
                0x200000ac        0x4 c:/program files (x86)/gnu tools arm embedded/7 2017-q4-major/bin/../lib/gcc/arm-none-eabi/7.2.1/../../../../arm-none-eabi/lib/thumb/v7-m\libg_nano.a(lib_a-nano-mallocr.o)
                0x200000ac                __malloc_sbrk_start
 *(COMMON)
 COMMON         0x200000b0        0x4 ./system/src/newlib/_syscalls.o
                0x200000b0                errno
 *(.bss_end .bss_end.*)
 .bss_end       0x200000b4        0x4 ./system/src/newlib/_startup.o
                0x200000b8                . = ALIGN (0x4)
                0x200000b8                __bss_end__ = .
                0x200000b8                _ebss = .

.noinit_CCMRAM
 *(.noinit.CCMRAM .noinit.CCMRAM.*)

.noinit         0x200000b8        0x0
                0x200000b8                _noinit = .
 *(.noinit .noinit.*)
                0x200000b8                . = ALIGN (0x4)
                0x200000b8                _end_noinit = .
                [!provide]                PROVIDE (end, _end_noinit)
                [!provide]                PROVIDE (_end, _end_noinit)
                [!provide]                PROVIDE (__end, _end_noinit)
                [!provide]                PROVIDE (__end__, _end_noinit)

._check_stack   0x200000b8      0x100
                0x200001b8                . = (. + _Minimum_Stack_Size)
 *fill*         0x200000b8      0x100 

.b1text
 *(.b1text)
 *(.b1rodata)
 *(.b1rodata.*)

.eb0text
 *(.eb0text)
 *(.eb0rodata)
 *(.eb0rodata.*)

.eb1text
 *(.eb1text)
 *(.eb1rodata)
 *(.eb1rodata.*)

.eb2text
 *(.eb2text)
 *(.eb2rodata)
 *(.eb2rodata.*)

.eb3text
 *(.eb3text)
 *(.eb3rodata)
 *(.eb3rodata.*)

.stab           0x00000000       0x84
 *(.stab)
 .stab          0x00000000       0x24 c:/program files (x86)/gnu tools arm embedded/7 2017-q4-major/bin/../lib/gcc/arm-none-eabi/7.2.1/../../../../arm-none-eabi/lib/thumb/v7-m\libnosys.a(close.o)
 .stab          0x00000024       0x18 c:/program files (x86)/gnu tools arm embedded/7 2017-q4-major/bin/../lib/gcc/arm-none-eabi/7.2.1/../../../../arm-none-eabi/lib/thumb/v7-m\libnosys.a(fstat.o)
                                 0x24 (size before relaxing)
 .stab          0x0000003c       0x18 c:/program files (x86)/gnu tools arm embedded/7 2017-q4-major/bin/../lib/gcc/arm-none-eabi/7.2.1/../../../../arm-none-eabi/lib/thumb/v7-m\libnosys.a(isatty.o)
                                 0x24 (size before relaxing)
 .stab          0x00000054       0x18 c:/program files (x86)/gnu tools arm embedded/7 2017-q4-major/bin/../lib/gcc/arm-none-eabi/7.2.1/../../../../arm-none-eabi/lib/thumb/v7-m\libnosys.a(lseek.o)
                                 0x24 (size before relaxing)
 .stab          0x0000006c       0x18 c:/program files (x86)/gnu tools arm embedded/7 2017-q4-major/bin/../lib/gcc/arm-none-eabi/7.2.1/../../../../arm-none-eabi/lib/thumb/v7-m\libnosys.a(read.o)
                                 0x24 (size before relaxing)

.stabstr        0x00000000      0x117
 *(.stabstr)
 .stabstr       0x00000000      0x117 c:/program files (x86)/gnu tools arm embedded/7 2017-q4-major/bin/../lib/gcc/arm-none-eabi/7.2.1/../../../../arm-none-eabi/lib/thumb/v7-m\libnosys.a(close.o)

.stab.excl
 *(.stab.excl)

.stab.exclstr
 *(.stab.exclstr)

.stab.index
 *(.stab.index)

.stab.indexstr
 *(.stab.indexstr)

.comment        0x00000000       0x7e
 *(.comment)
 .comment       0x00000000       0x7e ./system/src/stm32f1-stdperiph/stm32f10x_gpio.o
                                 0x7f (size before relaxing)
 .comment       0x0000007e       0x7f ./system/src/stm32f1-stdperiph/stm32f10x_rcc.o
 .comment       0x0000007e       0x7f ./system/src/stm32f1-stdperiph/stm32f10x_usart.o
 .comment       0x0000007e       0x7f ./system/src/newlib/_exit.o
 .comment       0x0000007e       0x7f ./system/src/newlib/_sbrk.o
 .comment       0x0000007e       0x7f ./system/src/newlib/_startup.o
 .comment       0x0000007e       0x7f ./system/src/newlib/_syscalls.o
 .comment       0x0000007e       0x7f ./system/src/newlib/assert.o
 .comment       0x0000007e       0x7f ./system/src/cortexm/_initialize_hardware.o
 .comment       0x0000007e       0x7f ./system/src/cortexm/exception_handlers.o
 .comment       0x0000007e       0x7f ./system/src/cmsis/system_stm32f10x.o
 .comment       0x0000007e       0x7f ./system/src/cmsis/vectors_stm32f10x.o
 .comment       0x0000007e       0x7f ./src/main.o
 .comment       0x0000007e       0x7f ./src/retarget.o

.ARM.attributes
                0x00000000       0x33
 .ARM.attributes
                0x00000000       0x33 ./system/src/stm32f1-stdperiph/stm32f10x_gpio.o
 .ARM.attributes
                0x00000033       0x33 ./system/src/stm32f1-stdperiph/stm32f10x_rcc.o
 .ARM.attributes
                0x00000066       0x33 ./system/src/stm32f1-stdperiph/stm32f10x_usart.o
 .ARM.attributes
                0x00000099       0x33 ./system/src/newlib/_exit.o
 .ARM.attributes
                0x000000cc       0x33 ./system/src/newlib/_sbrk.o
 .ARM.attributes
                0x000000ff       0x33 ./system/src/newlib/_startup.o
 .ARM.attributes
                0x00000132       0x33 ./system/src/newlib/_syscalls.o
 .ARM.attributes
                0x00000165       0x33 ./system/src/newlib/assert.o
 .ARM.attributes
                0x00000198       0x33 ./system/src/cortexm/_initialize_hardware.o
 .ARM.attributes
                0x000001cb       0x33 ./system/src/cortexm/exception_handlers.o
 .ARM.attributes
                0x000001fe       0x33 ./system/src/cmsis/system_stm32f10x.o
 .ARM.attributes
                0x00000231       0x33 ./system/src/cmsis/vectors_stm32f10x.o
 .ARM.attributes
                0x00000264       0x33 ./src/main.o
 .ARM.attributes
                0x00000297       0x33 ./src/retarget.o
 .ARM.attributes
                0x000002ca       0x2d c:/program files (x86)/gnu tools arm embedded/7 2017-q4-major/bin/../lib/gcc/arm-none-eabi/7.2.1/../../../../arm-none-eabi/lib/thumb/v7-m\libg_nano.a(lib_a-errno.o)
 .ARM.attributes
                0x000002f7       0x2d c:/program files (x86)/gnu tools arm embedded/7 2017-q4-major/bin/../lib/gcc/arm-none-eabi/7.2.1/../../../../arm-none-eabi/lib/thumb/v7-m\libg_nano.a(lib_a-impure.o)
 .ARM.attributes
                0x00000324       0x2d c:/program files (x86)/gnu tools arm embedded/7 2017-q4-major/bin/../lib/gcc/arm-none-eabi/7.2.1/../../../../arm-none-eabi/lib/thumb/v7-m\libg_nano.a(lib_a-printf.o)
 .ARM.attributes
                0x00000351       0x2d c:/program files (x86)/gnu tools arm embedded/7 2017-q4-major/bin/../lib/gcc/arm-none-eabi/7.2.1/../../../../arm-none-eabi/lib/thumb/v7-m\libg_nano.a(lib_a-findfp.o)
 .ARM.attributes
                0x0000037e       0x2d c:/program files (x86)/gnu tools arm embedded/7 2017-q4-major/bin/../lib/gcc/arm-none-eabi/7.2.1/../../../../arm-none-eabi/lib/thumb/v7-m\libg_nano.a(lib_a-fwalk.o)
 .ARM.attributes
                0x000003ab       0x2d c:/program files (x86)/gnu tools arm embedded/7 2017-q4-major/bin/../lib/gcc/arm-none-eabi/7.2.1/../../../../arm-none-eabi/lib/thumb/v7-m\libg_nano.a(lib_a-memset.o)
 .ARM.attributes
                0x000003d8       0x2d c:/program files (x86)/gnu tools arm embedded/7 2017-q4-major/bin/../lib/gcc/arm-none-eabi/7.2.1/../../../../arm-none-eabi/lib/thumb/v7-m\libg_nano.a(lib_a-nano-mallocr.o)
 .ARM.attributes
                0x00000405       0x2d c:/program files (x86)/gnu tools arm embedded/7 2017-q4-major/bin/../lib/gcc/arm-none-eabi/7.2.1/../../../../arm-none-eabi/lib/thumb/v7-m\libg_nano.a(lib_a-nano-vfprintf.o)
 .ARM.attributes
                0x00000432       0x2d c:/program files (x86)/gnu tools arm embedded/7 2017-q4-major/bin/../lib/gcc/arm-none-eabi/7.2.1/../../../../arm-none-eabi/lib/thumb/v7-m\libg_nano.a(lib_a-nano-vfprintf_i.o)
 .ARM.attributes
                0x0000045f       0x2d c:/program files (x86)/gnu tools arm embedded/7 2017-q4-major/bin/../lib/gcc/arm-none-eabi/7.2.1/../../../../arm-none-eabi/lib/thumb/v7-m\libg_nano.a(lib_a-sbrkr.o)
 .ARM.attributes
                0x0000048c       0x2d c:/program files (x86)/gnu tools arm embedded/7 2017-q4-major/bin/../lib/gcc/arm-none-eabi/7.2.1/../../../../arm-none-eabi/lib/thumb/v7-m\libg_nano.a(lib_a-stdio.o)
 .ARM.attributes
                0x000004b9       0x2d c:/program files (x86)/gnu tools arm embedded/7 2017-q4-major/bin/../lib/gcc/arm-none-eabi/7.2.1/../../../../arm-none-eabi/lib/thumb/v7-m\libg_nano.a(lib_a-wbuf.o)
 .ARM.attributes
                0x000004e6       0x2d c:/program files (x86)/gnu tools arm embedded/7 2017-q4-major/bin/../lib/gcc/arm-none-eabi/7.2.1/../../../../arm-none-eabi/lib/thumb/v7-m\libg_nano.a(lib_a-writer.o)
 .ARM.attributes
                0x00000513       0x2d c:/program files (x86)/gnu tools arm embedded/7 2017-q4-major/bin/../lib/gcc/arm-none-eabi/7.2.1/../../../../arm-none-eabi/lib/thumb/v7-m\libg_nano.a(lib_a-wsetup.o)
 .ARM.attributes
                0x00000540       0x2d c:/program files (x86)/gnu tools arm embedded/7 2017-q4-major/bin/../lib/gcc/arm-none-eabi/7.2.1/../../../../arm-none-eabi/lib/thumb/v7-m\libg_nano.a(lib_a-closer.o)
 .ARM.attributes
                0x0000056d       0x2d c:/program files (x86)/gnu tools arm embedded/7 2017-q4-major/bin/../lib/gcc/arm-none-eabi/7.2.1/../../../../arm-none-eabi/lib/thumb/v7-m\libg_nano.a(lib_a-fflush.o)
 .ARM.attributes
                0x0000059a       0x2d c:/program files (x86)/gnu tools arm embedded/7 2017-q4-major/bin/../lib/gcc/arm-none-eabi/7.2.1/../../../../arm-none-eabi/lib/thumb/v7-m\libg_nano.a(lib_a-lseekr.o)
 .ARM.attributes
                0x000005c7       0x2d c:/program files (x86)/gnu tools arm embedded/7 2017-q4-major/bin/../lib/gcc/arm-none-eabi/7.2.1/../../../../arm-none-eabi/lib/thumb/v7-m\libg_nano.a(lib_a-makebuf.o)
 .ARM.attributes
                0x000005f4       0x2d c:/program files (x86)/gnu tools arm embedded/7 2017-q4-major/bin/../lib/gcc/arm-none-eabi/7.2.1/../../../../arm-none-eabi/lib/thumb/v7-m\libg_nano.a(lib_a-memchr-stub.o)
 .ARM.attributes
                0x00000621       0x2d c:/program files (x86)/gnu tools arm embedded/7 2017-q4-major/bin/../lib/gcc/arm-none-eabi/7.2.1/../../../../arm-none-eabi/lib/thumb/v7-m\libg_nano.a(lib_a-mlock.o)
 .ARM.attributes
                0x0000064e       0x2d c:/program files (x86)/gnu tools arm embedded/7 2017-q4-major/bin/../lib/gcc/arm-none-eabi/7.2.1/../../../../arm-none-eabi/lib/thumb/v7-m\libg_nano.a(lib_a-nano-freer.o)
 .ARM.attributes
                0x0000067b       0x2d c:/program files (x86)/gnu tools arm embedded/7 2017-q4-major/bin/../lib/gcc/arm-none-eabi/7.2.1/../../../../arm-none-eabi/lib/thumb/v7-m\libg_nano.a(lib_a-readr.o)
 .ARM.attributes
                0x000006a8       0x2d c:/program files (x86)/gnu tools arm embedded/7 2017-q4-major/bin/../lib/gcc/arm-none-eabi/7.2.1/../../../../arm-none-eabi/lib/thumb/v7-m\libg_nano.a(lib_a-fstatr.o)
 .ARM.attributes
                0x000006d5       0x2d c:/program files (x86)/gnu tools arm embedded/7 2017-q4-major/bin/../lib/gcc/arm-none-eabi/7.2.1/../../../../arm-none-eabi/lib/thumb/v7-m\libg_nano.a(lib_a-isattyr.o)
 .ARM.attributes
                0x00000702       0x2d c:/program files (x86)/gnu tools arm embedded/7 2017-q4-major/bin/../lib/gcc/arm-none-eabi/7.2.1/../../../../arm-none-eabi/lib/thumb/v7-m\libnosys.a(close.o)
 .ARM.attributes
                0x0000072f       0x2d c:/program files (x86)/gnu tools arm embedded/7 2017-q4-major/bin/../lib/gcc/arm-none-eabi/7.2.1/../../../../arm-none-eabi/lib/thumb/v7-m\libnosys.a(fstat.o)
 .ARM.attributes
                0x0000075c       0x2d c:/program files (x86)/gnu tools arm embedded/7 2017-q4-major/bin/../lib/gcc/arm-none-eabi/7.2.1/../../../../arm-none-eabi/lib/thumb/v7-m\libnosys.a(isatty.o)
 .ARM.attributes
                0x00000789       0x2d c:/program files (x86)/gnu tools arm embedded/7 2017-q4-major/bin/../lib/gcc/arm-none-eabi/7.2.1/../../../../arm-none-eabi/lib/thumb/v7-m\libnosys.a(lseek.o)
 .ARM.attributes
                0x000007b6       0x2d c:/program files (x86)/gnu tools arm embedded/7 2017-q4-major/bin/../lib/gcc/arm-none-eabi/7.2.1/../../../../arm-none-eabi/lib/thumb/v7-m\libnosys.a(read.o)

.debug
 *(.debug)

.line
 *(.line)

.debug_srcinfo
 *(.debug_srcinfo)

.debug_sfnames
 *(.debug_sfnames)

.debug_aranges  0x00000000      0x4f0
 *(.debug_aranges)
 .debug_aranges
                0x00000000       0xa8 ./system/src/stm32f1-stdperiph/stm32f10x_gpio.o
 .debug_aranges
                0x000000a8      0x118 ./system/src/stm32f1-stdperiph/stm32f10x_rcc.o
 .debug_aranges
                0x000001c0      0x100 ./system/src/stm32f1-stdperiph/stm32f10x_usart.o
 .debug_aranges
                0x000002c0       0x28 ./system/src/newlib/_exit.o
 .debug_aranges
                0x000002e8       0x20 ./system/src/newlib/_sbrk.o
 .debug_aranges
                0x00000308       0x40 ./system/src/newlib/_startup.o
 .debug_aranges
                0x00000348       0x30 ./system/src/newlib/_syscalls.o
 .debug_aranges
                0x00000378       0x28 ./system/src/newlib/assert.o
 .debug_aranges
                0x000003a0       0x28 ./system/src/cortexm/_initialize_hardware.o
 .debug_aranges
                0x000003c8       0x80 ./system/src/cortexm/exception_handlers.o
 .debug_aranges
                0x00000448       0x38 ./system/src/cmsis/system_stm32f10x.o
 .debug_aranges
                0x00000480       0x20 ./system/src/cmsis/vectors_stm32f10x.o
 .debug_aranges
                0x000004a0       0x28 ./src/main.o
 .debug_aranges
                0x000004c8       0x28 ./src/retarget.o

.debug_pubnames
 *(.debug_pubnames)

.debug_info     0x00000000     0x8250
 *(.debug_info .gnu.linkonce.wi.*)
 .debug_info    0x00000000      0xbd3 ./system/src/stm32f1-stdperiph/stm32f10x_gpio.o
 .debug_info    0x00000bd3      0xc77 ./system/src/stm32f1-stdperiph/stm32f10x_rcc.o
 .debug_info    0x0000184a     0x1286 ./system/src/stm32f1-stdperiph/stm32f10x_usart.o
 .debug_info    0x00002ad0      0x94a ./system/src/newlib/_exit.o
 .debug_info    0x0000341a      0x942 ./system/src/newlib/_sbrk.o
 .debug_info    0x00003d5c      0x42e ./system/src/newlib/_startup.o
 .debug_info    0x0000418a      0xa19 ./system/src/newlib/_syscalls.o
 .debug_info    0x00004ba3      0x9c8 ./system/src/newlib/assert.o
 .debug_info    0x0000556b      0x2b5 ./system/src/cortexm/_initialize_hardware.o
 .debug_info    0x00005820      0xae8 ./system/src/cortexm/exception_handlers.o
 .debug_info    0x00006308      0x494 ./system/src/cmsis/system_stm32f10x.o
 .debug_info    0x0000679c       0xca ./system/src/cmsis/vectors_stm32f10x.o
 .debug_info    0x00006866      0xecc ./src/main.o
 .debug_info    0x00007732      0xb1e ./src/retarget.o

.debug_abbrev   0x00000000     0x19b9
 *(.debug_abbrev)
 .debug_abbrev  0x00000000      0x209 ./system/src/stm32f1-stdperiph/stm32f10x_gpio.o
 .debug_abbrev  0x00000209      0x20b ./system/src/stm32f1-stdperiph/stm32f10x_rcc.o
 .debug_abbrev  0x00000414      0x1e0 ./system/src/stm32f1-stdperiph/stm32f10x_usart.o
 .debug_abbrev  0x000005f4      0x1f5 ./system/src/newlib/_exit.o
 .debug_abbrev  0x000007e9      0x1fc ./system/src/newlib/_sbrk.o
 .debug_abbrev  0x000009e5      0x1b3 ./system/src/newlib/_startup.o
 .debug_abbrev  0x00000b98      0x234 ./system/src/newlib/_syscalls.o
 .debug_abbrev  0x00000dcc      0x201 ./system/src/newlib/assert.o
 .debug_abbrev  0x00000fcd       0xea ./system/src/cortexm/_initialize_hardware.o
 .debug_abbrev  0x000010b7      0x23a ./system/src/cortexm/exception_handlers.o
 .debug_abbrev  0x000012f1      0x177 ./system/src/cmsis/system_stm32f10x.o
 .debug_abbrev  0x00001468       0x9d ./system/src/cmsis/vectors_stm32f10x.o
 .debug_abbrev  0x00001505      0x26b ./src/main.o
 .debug_abbrev  0x00001770      0x249 ./src/retarget.o

.debug_line     0x00000000     0x4a26
 *(.debug_line)
 .debug_line    0x00000000      0x903 ./system/src/stm32f1-stdperiph/stm32f10x_gpio.o
 .debug_line    0x00000903      0x87c ./system/src/stm32f1-stdperiph/stm32f10x_rcc.o
 .debug_line    0x0000117f      0xb06 ./system/src/stm32f1-stdperiph/stm32f10x_usart.o
 .debug_line    0x00001c85      0x36e ./system/src/newlib/_exit.o
 .debug_line    0x00001ff3      0x323 ./system/src/newlib/_sbrk.o
 .debug_line    0x00002316      0x3dd ./system/src/newlib/_startup.o
 .debug_line    0x000026f3      0x441 ./system/src/newlib/_syscalls.o
 .debug_line    0x00002b34      0x397 ./system/src/newlib/assert.o
 .debug_line    0x00002ecb      0x37c ./system/src/cortexm/_initialize_hardware.o
 .debug_line    0x00003247      0x6b3 ./system/src/cortexm/exception_handlers.o
 .debug_line    0x000038fa      0x3ef ./system/src/cmsis/system_stm32f10x.o
 .debug_line    0x00003ce9      0x108 ./system/src/cmsis/vectors_stm32f10x.o
 .debug_line    0x00003df1      0x636 ./src/main.o
 .debug_line    0x00004427      0x5ff ./src/retarget.o

.debug_frame    0x00000000     0x1348
 *(.debug_frame)
 .debug_frame   0x00000000      0x1e8 ./system/src/stm32f1-stdperiph/stm32f10x_gpio.o
 .debug_frame   0x000001e8      0x320 ./system/src/stm32f1-stdperiph/stm32f10x_rcc.o
 .debug_frame   0x00000508      0x320 ./system/src/stm32f1-stdperiph/stm32f10x_usart.o
 .debug_frame   0x00000828       0x38 ./system/src/newlib/_exit.o
 .debug_frame   0x00000860       0x28 ./system/src/newlib/_sbrk.o
 .debug_frame   0x00000888       0x7c ./system/src/newlib/_startup.o
 .debug_frame   0x00000904       0x50 ./system/src/newlib/_syscalls.o
 .debug_frame   0x00000954       0x40 ./system/src/newlib/assert.o
 .debug_frame   0x00000994       0x40 ./system/src/cortexm/_initialize_hardware.o
 .debug_frame   0x000009d4       0xe8 ./system/src/cortexm/exception_handlers.o
 .debug_frame   0x00000abc       0x6c ./system/src/cmsis/system_stm32f10x.o
 .debug_frame   0x00000b28       0x20 ./system/src/cmsis/vectors_stm32f10x.o
 .debug_frame   0x00000b48       0x44 ./src/main.o
 .debug_frame   0x00000b8c       0x48 ./src/retarget.o
 .debug_frame   0x00000bd4       0x20 c:/program files (x86)/gnu tools arm embedded/7 2017-q4-major/bin/../lib/gcc/arm-none-eabi/7.2.1/../../../../arm-none-eabi/lib/thumb/v7-m\libg_nano.a(lib_a-errno.o)
 .debug_frame   0x00000bf4       0x74 c:/program files (x86)/gnu tools arm embedded/7 2017-q4-major/bin/../lib/gcc/arm-none-eabi/7.2.1/../../../../arm-none-eabi/lib/thumb/v7-m\libg_nano.a(lib_a-printf.o)
 .debug_frame   0x00000c68      0x11c c:/program files (x86)/gnu tools arm embedded/7 2017-q4-major/bin/../lib/gcc/arm-none-eabi/7.2.1/../../../../arm-none-eabi/lib/thumb/v7-m\libg_nano.a(lib_a-findfp.o)
 .debug_frame   0x00000d84       0x54 c:/program files (x86)/gnu tools arm embedded/7 2017-q4-major/bin/../lib/gcc/arm-none-eabi/7.2.1/../../../../arm-none-eabi/lib/thumb/v7-m\libg_nano.a(lib_a-fwalk.o)
 .debug_frame   0x00000dd8       0x20 c:/program files (x86)/gnu tools arm embedded/7 2017-q4-major/bin/../lib/gcc/arm-none-eabi/7.2.1/../../../../arm-none-eabi/lib/thumb/v7-m\libg_nano.a(lib_a-memset.o)
 .debug_frame   0x00000df8       0x2c c:/program files (x86)/gnu tools arm embedded/7 2017-q4-major/bin/../lib/gcc/arm-none-eabi/7.2.1/../../../../arm-none-eabi/lib/thumb/v7-m\libg_nano.a(lib_a-nano-mallocr.o)
 .debug_frame   0x00000e24       0xac c:/program files (x86)/gnu tools arm embedded/7 2017-q4-major/bin/../lib/gcc/arm-none-eabi/7.2.1/../../../../arm-none-eabi/lib/thumb/v7-m\libg_nano.a(lib_a-nano-vfprintf.o)
 .debug_frame   0x00000ed0       0x60 c:/program files (x86)/gnu tools arm embedded/7 2017-q4-major/bin/../lib/gcc/arm-none-eabi/7.2.1/../../../../arm-none-eabi/lib/thumb/v7-m\libg_nano.a(lib_a-nano-vfprintf_i.o)
 .debug_frame   0x00000f30       0x2c c:/program files (x86)/gnu tools arm embedded/7 2017-q4-major/bin/../lib/gcc/arm-none-eabi/7.2.1/../../../../arm-none-eabi/lib/thumb/v7-m\libg_nano.a(lib_a-sbrkr.o)
 .debug_frame   0x00000f5c       0x88 c:/program files (x86)/gnu tools arm embedded/7 2017-q4-major/bin/../lib/gcc/arm-none-eabi/7.2.1/../../../../arm-none-eabi/lib/thumb/v7-m\libg_nano.a(lib_a-stdio.o)
 .debug_frame   0x00000fe4       0x40 c:/program files (x86)/gnu tools arm embedded/7 2017-q4-major/bin/../lib/gcc/arm-none-eabi/7.2.1/../../../../arm-none-eabi/lib/thumb/v7-m\libg_nano.a(lib_a-wbuf.o)
 .debug_frame   0x00001024       0x2c c:/program files (x86)/gnu tools arm embedded/7 2017-q4-major/bin/../lib/gcc/arm-none-eabi/7.2.1/../../../../arm-none-eabi/lib/thumb/v7-m\libg_nano.a(lib_a-writer.o)
 .debug_frame   0x00001050       0x2c c:/program files (x86)/gnu tools arm embedded/7 2017-q4-major/bin/../lib/gcc/arm-none-eabi/7.2.1/../../../../arm-none-eabi/lib/thumb/v7-m\libg_nano.a(lib_a-wsetup.o)
 .debug_frame   0x0000107c       0x2c c:/program files (x86)/gnu tools arm embedded/7 2017-q4-major/bin/../lib/gcc/arm-none-eabi/7.2.1/../../../../arm-none-eabi/lib/thumb/v7-m\libg_nano.a(lib_a-closer.o)
 .debug_frame   0x000010a8       0x68 c:/program files (x86)/gnu tools arm embedded/7 2017-q4-major/bin/../lib/gcc/arm-none-eabi/7.2.1/../../../../arm-none-eabi/lib/thumb/v7-m\libg_nano.a(lib_a-fflush.o)
 .debug_frame   0x00001110       0x2c c:/program files (x86)/gnu tools arm embedded/7 2017-q4-major/bin/../lib/gcc/arm-none-eabi/7.2.1/../../../../arm-none-eabi/lib/thumb/v7-m\libg_nano.a(lib_a-lseekr.o)
 .debug_frame   0x0000113c       0x58 c:/program files (x86)/gnu tools arm embedded/7 2017-q4-major/bin/../lib/gcc/arm-none-eabi/7.2.1/../../../../arm-none-eabi/lib/thumb/v7-m\libg_nano.a(lib_a-makebuf.o)
 .debug_frame   0x00001194       0x28 c:/program files (x86)/gnu tools arm embedded/7 2017-q4-major/bin/../lib/gcc/arm-none-eabi/7.2.1/../../../../arm-none-eabi/lib/thumb/v7-m\libg_nano.a(lib_a-memchr-stub.o)
 .debug_frame   0x000011bc       0x30 c:/program files (x86)/gnu tools arm embedded/7 2017-q4-major/bin/../lib/gcc/arm-none-eabi/7.2.1/../../../../arm-none-eabi/lib/thumb/v7-m\libg_nano.a(lib_a-mlock.o)
 .debug_frame   0x000011ec       0x38 c:/program files (x86)/gnu tools arm embedded/7 2017-q4-major/bin/../lib/gcc/arm-none-eabi/7.2.1/../../../../arm-none-eabi/lib/thumb/v7-m\libg_nano.a(lib_a-nano-freer.o)
 .debug_frame   0x00001224       0x2c c:/program files (x86)/gnu tools arm embedded/7 2017-q4-major/bin/../lib/gcc/arm-none-eabi/7.2.1/../../../../arm-none-eabi/lib/thumb/v7-m\libg_nano.a(lib_a-readr.o)
 .debug_frame   0x00001250       0x2c c:/program files (x86)/gnu tools arm embedded/7 2017-q4-major/bin/../lib/gcc/arm-none-eabi/7.2.1/../../../../arm-none-eabi/lib/thumb/v7-m\libg_nano.a(lib_a-fstatr.o)
 .debug_frame   0x0000127c       0x2c c:/program files (x86)/gnu tools arm embedded/7 2017-q4-major/bin/../lib/gcc/arm-none-eabi/7.2.1/../../../../arm-none-eabi/lib/thumb/v7-m\libg_nano.a(lib_a-isattyr.o)
 .debug_frame   0x000012a8       0x20 c:/program files (x86)/gnu tools arm embedded/7 2017-q4-major/bin/../lib/gcc/arm-none-eabi/7.2.1/../../../../arm-none-eabi/lib/thumb/v7-m\libnosys.a(close.o)
 .debug_frame   0x000012c8       0x20 c:/program files (x86)/gnu tools arm embedded/7 2017-q4-major/bin/../lib/gcc/arm-none-eabi/7.2.1/../../../../arm-none-eabi/lib/thumb/v7-m\libnosys.a(fstat.o)
 .debug_frame   0x000012e8       0x20 c:/program files (x86)/gnu tools arm embedded/7 2017-q4-major/bin/../lib/gcc/arm-none-eabi/7.2.1/../../../../arm-none-eabi/lib/thumb/v7-m\libnosys.a(isatty.o)
 .debug_frame   0x00001308       0x20 c:/program files (x86)/gnu tools arm embedded/7 2017-q4-major/bin/../lib/gcc/arm-none-eabi/7.2.1/../../../../arm-none-eabi/lib/thumb/v7-m\libnosys.a(lseek.o)
 .debug_frame   0x00001328       0x20 c:/program files (x86)/gnu tools arm embedded/7 2017-q4-major/bin/../lib/gcc/arm-none-eabi/7.2.1/../../../../arm-none-eabi/lib/thumb/v7-m\libnosys.a(read.o)

.debug_str      0x00000000    0x574f2
 *(.debug_str)
 .debug_str     0x00000000    0x4efad ./system/src/stm32f1-stdperiph/stm32f10x_gpio.o
                              0x4f132 (size before relaxing)
 .debug_str     0x0004efad      0xb4a ./system/src/stm32f1-stdperiph/stm32f10x_rcc.o
                              0x4f701 (size before relaxing)
 .debug_str     0x0004faf7      0x834 ./system/src/stm32f1-stdperiph/stm32f10x_usart.o
                              0x4f46b (size before relaxing)
 .debug_str     0x0005032b     0x5002 ./system/src/newlib/_exit.o
                               0x7eaa (size before relaxing)
 .debug_str     0x0005532d      0x4f5 ./system/src/newlib/_sbrk.o
                               0x725c (size before relaxing)
 .debug_str     0x00055822      0x260 ./system/src/newlib/_startup.o
                               0x6997 (size before relaxing)
 .debug_str     0x00055a82      0xe8b ./system/src/newlib/_syscalls.o
                               0x8137 (size before relaxing)
 .debug_str     0x0005690d       0xd7 ./system/src/newlib/assert.o
                               0x89b6 (size before relaxing)
 .debug_str     0x000569e4       0xcb ./system/src/cortexm/_initialize_hardware.o
                              0x4ec1c (size before relaxing)
 .debug_str     0x00056aaf      0x1db ./system/src/cortexm/exception_handlers.o
                              0x53d31 (size before relaxing)
 .debug_str     0x00056c8a       0x96 ./system/src/cmsis/system_stm32f10x.o
                              0x4ecb6 (size before relaxing)
 .debug_str     0x00056d20       0x57 ./system/src/cmsis/vectors_stm32f10x.o
                               0x3838 (size before relaxing)
 .debug_str     0x00056d77      0x70a ./src/main.o
                              0x545d6 (size before relaxing)
 .debug_str     0x00057481       0x71 ./src/retarget.o
                              0x53860 (size before relaxing)

.debug_loc      0x00000000     0x245d
 *(.debug_loc)
 .debug_loc     0x00000000      0x870 ./system/src/stm32f1-stdperiph/stm32f10x_gpio.o
 .debug_loc     0x00000870      0xa63 ./system/src/stm32f1-stdperiph/stm32f10x_rcc.o
 .debug_loc     0x000012d3      0xbff ./system/src/stm32f1-stdperiph/stm32f10x_usart.o
 .debug_loc     0x00001ed2       0x85 ./system/src/newlib/_sbrk.o
 .debug_loc     0x00001f57      0x1a9 ./system/src/newlib/_startup.o
 .debug_loc     0x00002100       0x63 ./system/src/newlib/_syscalls.o
 .debug_loc     0x00002163       0xc6 ./system/src/newlib/assert.o
 .debug_loc     0x00002229       0xdf ./system/src/cmsis/system_stm32f10x.o
 .debug_loc     0x00002308       0x81 ./src/main.o
 .debug_loc     0x00002389       0xd4 ./src/retarget.o

.debug_macinfo
 *(.debug_macinfo)

.debug_weaknames
 *(.debug_weaknames)

.debug_funcnames
 *(.debug_funcnames)

.debug_typenames
 *(.debug_typenames)

.debug_varnames
 *(.debug_varnames)
OUTPUT(hello_STM32F103.elf elf32-littlearm)

.debug_ranges   0x00000000      0x458
 .debug_ranges  0x00000000       0x98 ./system/src/stm32f1-stdperiph/stm32f10x_gpio.o
 .debug_ranges  0x00000098      0x108 ./system/src/stm32f1-stdperiph/stm32f10x_rcc.o
 .debug_ranges  0x000001a0       0xf0 ./system/src/stm32f1-stdperiph/stm32f10x_usart.o
 .debug_ranges  0x00000290       0x18 ./system/src/newlib/_exit.o
 .debug_ranges  0x000002a8       0x10 ./system/src/newlib/_sbrk.o
 .debug_ranges  0x000002b8       0x78 ./system/src/newlib/_startup.o
 .debug_ranges  0x00000330       0x20 ./system/src/newlib/_syscalls.o
 .debug_ranges  0x00000350       0x18 ./system/src/newlib/assert.o
 .debug_ranges  0x00000368       0x18 ./system/src/cortexm/_initialize_hardware.o
 .debug_ranges  0x00000380       0x70 ./system/src/cortexm/exception_handlers.o
 .debug_ranges  0x000003f0       0x28 ./system/src/cmsis/system_stm32f10x.o
 .debug_ranges  0x00000418       0x10 ./system/src/cmsis/vectors_stm32f10x.o
 .debug_ranges  0x00000428       0x18 ./src/main.o
 .debug_ranges  0x00000440       0x18 ./src/retarget.o

.debug_macro    0x00000000     0x38e5
 .debug_macro   0x00000000      0x1b9 ./system/src/stm32f1-stdperiph/stm32f10x_gpio.o
 .debug_macro   0x000001b9       0x8b ./system/src/stm32f1-stdperiph/stm32f10x_gpio.o
 .debug_macro   0x00000244      0x2a6 ./system/src/stm32f1-stdperiph/stm32f10x_gpio.o
 .debug_macro   0x000004ea      0x287 ./system/src/stm32f1-stdperiph/stm32f10x_rcc.o
 .debug_macro   0x00000771      0x3dc ./system/src/stm32f1-stdperiph/stm32f10x_rcc.o
 .debug_macro   0x00000b4d      0x21f ./system/src/stm32f1-stdperiph/stm32f10x_usart.o
 .debug_macro   0x00000d6c      0x21c ./system/src/stm32f1-stdperiph/stm32f10x_usart.o
 .debug_macro   0x00000f88      0x1b4 ./system/src/newlib/_exit.o
 .debug_macro   0x0000113c       0x9c ./system/src/newlib/_exit.o
 .debug_macro   0x000011d8      0x10e ./system/src/newlib/_exit.o
 .debug_macro   0x000012e6       0x8d ./system/src/newlib/_exit.o
 .debug_macro   0x00001373       0x43 ./system/src/newlib/_exit.o
 .debug_macro   0x000013b6      0x330 ./system/src/newlib/_exit.o
 .debug_macro   0x000016e6       0x35 ./system/src/newlib/_exit.o
 .debug_macro   0x0000171b      0x169 ./system/src/newlib/_sbrk.o
 .debug_macro   0x00001884      0x174 ./system/src/newlib/_sbrk.o
 .debug_macro   0x000019f8       0x10 ./system/src/newlib/_sbrk.o
 .debug_macro   0x00001a08      0x23b ./system/src/newlib/_sbrk.o
 .debug_macro   0x00001c43      0x173 ./system/src/newlib/_startup.o
 .debug_macro   0x00001db6      0x217 ./system/src/newlib/_syscalls.o
 .debug_macro   0x00001fcd       0x1c ./system/src/newlib/_syscalls.o
 .debug_macro   0x00001fe9       0x10 ./system/src/newlib/_syscalls.o
 .debug_macro   0x00001ff9       0x10 ./system/src/newlib/_syscalls.o
 .debug_macro   0x00002009       0x10 ./system/src/newlib/_syscalls.o
 .debug_macro   0x00002019       0x35 ./system/src/newlib/_syscalls.o
 .debug_macro   0x0000204e      0x122 ./system/src/newlib/_syscalls.o
 .debug_macro   0x00002170       0x88 ./system/src/newlib/_syscalls.o
 .debug_macro   0x000021f8       0x2b ./system/src/newlib/_syscalls.o
 .debug_macro   0x00002223      0x118 ./system/src/newlib/_syscalls.o
 .debug_macro   0x0000233b      0x189 ./system/src/newlib/_syscalls.o
 .debug_macro   0x000024c4       0x16 ./system/src/newlib/_syscalls.o
 .debug_macro   0x000024da      0x1d0 ./system/src/newlib/assert.o
 .debug_macro   0x000026aa       0x1c ./system/src/newlib/assert.o
 .debug_macro   0x000026c6      0x16b ./system/src/cortexm/_initialize_hardware.o
 .debug_macro   0x00002831      0x324 ./system/src/cortexm/exception_handlers.o
 .debug_macro   0x00002b55       0x3b ./system/src/cortexm/exception_handlers.o
 .debug_macro   0x00002b90       0x22 ./system/src/cortexm/exception_handlers.o
 .debug_macro   0x00002bb2       0x10 ./system/src/cortexm/exception_handlers.o
 .debug_macro   0x00002bc2       0xcf ./system/src/cortexm/exception_handlers.o
 .debug_macro   0x00002c91       0xbe ./system/src/cortexm/exception_handlers.o
 .debug_macro   0x00002d4f       0x10 ./system/src/cortexm/exception_handlers.o
 .debug_macro   0x00002d5f      0x16e ./system/src/cmsis/system_stm32f10x.o
 .debug_macro   0x00002ecd       0x34 ./system/src/cmsis/vectors_stm32f10x.o
 .debug_macro   0x00002f01      0x34f ./src/main.o
 .debug_macro   0x00003250       0x16 ./src/main.o
 .debug_macro   0x00003266       0x97 ./src/main.o
 .debug_macro   0x000032fd       0xfd ./src/main.o
 .debug_macro   0x000033fa       0x10 ./src/main.o
 .debug_macro   0x0000340a       0x16 ./src/main.o
 .debug_macro   0x00003420      0x16f ./src/main.o
 .debug_macro   0x0000358f      0x340 ./src/retarget.o
 .debug_macro   0x000038cf       0x16 ./src/retarget.o
