Archive member included to satisfy reference by file (symbol)

c:/program files (x86)/gnu tools arm embedded/7 2017-q4-major/bin/../lib/gcc/arm-none-eabi/7.2.1/../../../../arm-none-eabi/lib/thumb/v7-m\libg_nano.a(lib_a-errno.o)
                              ./system/src/newlib/_sbrk.o (__errno)
c:/program files (x86)/gnu tools arm embedded/7 2017-q4-major/bin/../lib/gcc/arm-none-eabi/7.2.1/../../../../arm-none-eabi/lib/thumb/v7-m\libg_nano.a(lib_a-impure.o)
                              c:/program files (x86)/gnu tools arm embedded/7 2017-q4-major/bin/../lib/gcc/arm-none-eabi/7.2.1/../../../../arm-none-eabi/lib/thumb/v7-m\libg_nano.a(lib_a-errno.o) (_impure_ptr)
c:/program files (x86)/gnu tools arm embedded/7 2017-q4-major/bin/../lib/gcc/arm-none-eabi/7.2.1/../../../../arm-none-eabi/lib/thumb/v7-m\libg_nano.a(lib_a-printf.o)
                              ./src/main.o (printf)
c:/program files (x86)/gnu tools arm embedded/7 2017-q4-major/bin/../lib/gcc/arm-none-eabi/7.2.1/../../../../arm-none-eabi/lib/thumb/v7-m\libg_nano.a(lib_a-findfp.o)
                              c:/program files (x86)/gnu tools arm embedded/7 2017-q4-major/bin/../lib/gcc/arm-none-eabi/7.2.1/../../../../arm-none-eabi/lib/thumb/v7-m\libg_nano.a(lib_a-printf.o) (__sinit)
c:/program files (x86)/gnu tools arm embedded/7 2017-q4-major/bin/../lib/gcc/arm-none-eabi/7.2.1/../../../../arm-none-eabi/lib/thumb/v7-m\libg_nano.a(lib_a-fwalk.o)
                              c:/program files (x86)/gnu tools arm embedded/7 2017-q4-major/bin/../lib/gcc/arm-none-eabi/7.2.1/../../../../arm-none-eabi/lib/thumb/v7-m\libg_nano.a(lib_a-findfp.o) (_fwalk)
c:/program files (x86)/gnu tools arm embedded/7 2017-q4-major/bin/../lib/gcc/arm-none-eabi/7.2.1/../../../../arm-none-eabi/lib/thumb/v7-m\libg_nano.a(lib_a-memset.o)
                              c:/program files (x86)/gnu tools arm embedded/7 2017-q4-major/bin/../lib/gcc/arm-none-eabi/7.2.1/../../../../arm-none-eabi/lib/thumb/v7-m\libg_nano.a(lib_a-findfp.o) (memset)
c:/program files (x86)/gnu tools arm embedded/7 2017-q4-major/bin/../lib/gcc/arm-none-eabi/7.2.1/../../../../arm-none-eabi/lib/thumb/v7-m\libg_nano.a(lib_a-nano-mallocr.o)
                              c:/program files (x86)/gnu tools arm embedded/7 2017-q4-major/bin/../lib/gcc/arm-none-eabi/7.2.1/../../../../arm-none-eabi/lib/thumb/v7-m\libg_nano.a(lib_a-findfp.o) (_malloc_r)
c:/program files (x86)/gnu tools arm embedded/7 2017-q4-major/bin/../lib/gcc/arm-none-eabi/7.2.1/../../../../arm-none-eabi/lib/thumb/v7-m\libg_nano.a(lib_a-nano-vfprintf.o)
                              c:/program files (x86)/gnu tools arm embedded/7 2017-q4-major/bin/../lib/gcc/arm-none-eabi/7.2.1/../../../../arm-none-eabi/lib/thumb/v7-m\libg_nano.a(lib_a-printf.o) (_vfprintf_r)
c:/program files (x86)/gnu tools arm embedded/7 2017-q4-major/bin/../lib/gcc/arm-none-eabi/7.2.1/../../../../arm-none-eabi/lib/thumb/v7-m\libg_nano.a(lib_a-nano-vfprintf_i.o)
                              c:/program files (x86)/gnu tools arm embedded/7 2017-q4-major/bin/../lib/gcc/arm-none-eabi/7.2.1/../../../../arm-none-eabi/lib/thumb/v7-m\libg_nano.a(lib_a-nano-vfprintf.o) (_printf_i)
c:/program files (x86)/gnu tools arm embedded/7 2017-q4-major/bin/../lib/gcc/arm-none-eabi/7.2.1/../../../../arm-none-eabi/lib/thumb/v7-m\libg_nano.a(lib_a-sbrkr.o)
                              c:/program files (x86)/gnu tools arm embedded/7 2017-q4-major/bin/../lib/gcc/arm-none-eabi/7.2.1/../../../../arm-none-eabi/lib/thumb/v7-m\libg_nano.a(lib_a-nano-mallocr.o) (_sbrk_r)
c:/program files (x86)/gnu tools arm embedded/7 2017-q4-major/bin/../lib/gcc/arm-none-eabi/7.2.1/../../../../arm-none-eabi/lib/thumb/v7-m\libg_nano.a(lib_a-stdio.o)
                              c:/program files (x86)/gnu tools arm embedded/7 2017-q4-major/bin/../lib/gcc/arm-none-eabi/7.2.1/../../../../arm-none-eabi/lib/thumb/v7-m\libg_nano.a(lib_a-findfp.o) (__sread)
c:/program files (x86)/gnu tools arm embedded/7 2017-q4-major/bin/../lib/gcc/arm-none-eabi/7.2.1/../../../../arm-none-eabi/lib/thumb/v7-m\libg_nano.a(lib_a-wbuf.o)
                              c:/program files (x86)/gnu tools arm embedded/7 2017-q4-major/bin/../lib/gcc/arm-none-eabi/7.2.1/../../../../arm-none-eabi/lib/thumb/v7-m\libg_nano.a(lib_a-nano-vfprintf.o) (__swbuf_r)
c:/program files (x86)/gnu tools arm embedded/7 2017-q4-major/bin/../lib/gcc/arm-none-eabi/7.2.1/../../../../arm-none-eabi/lib/thumb/v7-m\libg_nano.a(lib_a-writer.o)
                              c:/program files (x86)/gnu tools arm embedded/7 2017-q4-major/bin/../lib/gcc/arm-none-eabi/7.2.1/../../../../arm-none-eabi/lib/thumb/v7-m\libg_nano.a(lib_a-stdio.o) (_write_r)
c:/program files (x86)/gnu tools arm embedded/7 2017-q4-major/bin/../lib/gcc/arm-none-eabi/7.2.1/../../../../arm-none-eabi/lib/thumb/v7-m\libg_nano.a(lib_a-wsetup.o)
[...]
Memory Configuration

Name             Origin             Length             Attributes
RAM              0x20000000         0x0000c000         xrw
CCMRAM           0x00000000         0x00000000         xrw
FLASH            0x08000000         0x00040000         xr
FLASHB1          0x00000000         0x00000000         xr
EXTMEMB0         0x00000000         0x00000000         xr
EXTMEMB1         0x00000000         0x00000000         xr
EXTMEMB2         0x00000000         0x00000000         xr
EXTMEMB3         0x00000000         0x00000000         xr
MEMORY_ARRAY     0x00000000         0x00000000         xrw
*default*        0x00000000         0xffffffff

Linker script and memory map

LOAD ./system/src/stm32f1-stdperiph/misc.o
LOAD ./system/src/stm32f1-stdperiph/stm32f10x_flash.o
LOAD ./system/src/stm32f1-stdperiph/stm32f10x_fsmc.o
LOAD ./system/src/stm32f1-stdperiph/stm32f10x_gpio.o
LOAD ./system/src/stm32f1-stdperiph/stm32f10x_rcc.o
LOAD ./system/src/stm32f1-stdperiph/stm32f10x_tim.o
LOAD ./system/src/stm32f1-stdperiph/stm32f10x_usart.o
LOAD ./system/src/newlib/_cxx.o
LOAD ./system/src/newlib/_exit.o
LOAD ./system/src/newlib/_sbrk.o
LOAD ./system/src/newlib/_startup.o
LOAD ./system/src/newlib/_syscalls.o
LOAD ./system/src/newlib/assert.o
LOAD ./system/src/diag/Trace.o
LOAD ./system/src/diag/trace_impl.o
LOAD ./system/src/cortexm/_initialize_hardware.o
LOAD ./system/src/cortexm/_reset_hardware.o
LOAD ./system/src/cortexm/exception_handlers.o
LOAD ./system/src/cmsis/system_stm32f10x.o
LOAD ./system/src/cmsis/vectors_stm32f10x.o
LOAD ./src/PlatformHandler/gpioHandler.o
LOAD ./src/PlatformHandler/nvicHandler.o
LOAD ./src/PlatformHandler/rccHandler.o
LOAD ./src/PlatformHandler/timerHandler.o
LOAD ./src/PlatformHandler/uartHandler.o
LOAD ./src/main.o
LOAD ./src/retarget.o
LOAD ./src/stm32f10x_it.o
LOAD c:/program files (x86)/gnu tools arm embedded/7 2017-q4-major/bin/../lib/gcc/arm-none-eabi/7.2.1/../../../../arm-none-eabi/lib/thumb/v7-m\libstdc++_nano.a
LOAD c:/program files (x86)/gnu tools arm embedded/7 2017-q4-major/bin/../lib/gcc/arm-none-eabi/7.2.1/../../../../arm-none-eabi/lib/thumb/v7-m\libm.a
START GROUP
LOAD c:/program files (x86)/gnu tools arm embedded/7 2017-q4-major/bin/../lib/gcc/arm-none-eabi/7.2.1/thumb/v7-m\libgcc.a
LOAD c:/program files (x86)/gnu tools arm embedded/7 2017-q4-major/bin/../lib/gcc/arm-none-eabi/7.2.1/../../../../arm-none-eabi/lib/thumb/v7-m\libg_nano.a
LOAD c:/program files (x86)/gnu tools arm embedded/7 2017-q4-major/bin/../lib/gcc/arm-none-eabi/7.2.1/../../../../arm-none-eabi/lib/thumb/v7-m\libc_nano.a
END GROUP
START GROUP
LOAD c:/program files (x86)/gnu tools arm embedded/7 2017-q4-major/bin/../lib/gcc/arm-none-eabi/7.2.1/thumb/v7-m\libgcc.a
LOAD c:/program files (x86)/gnu tools arm embedded/7 2017-q4-major/bin/../lib/gcc/arm-none-eabi/7.2.1/../../../../arm-none-eabi/lib/thumb/v7-m\libc_nano.a
LOAD c:/program files (x86)/gnu tools arm embedded/7 2017-q4-major/bin/../lib/gcc/arm-none-eabi/7.2.1/../../../../arm-none-eabi/lib/thumb/v7-m\libnosys.a
END GROUP
START GROUP
LOAD c:/program files (x86)/gnu tools arm embedded/7 2017-q4-major/bin/../lib/gcc/arm-none-eabi/7.2.1/thumb/v7-m\libgcc.a
LOAD c:/program files (x86)/gnu tools arm embedded/7 2017-q4-major/bin/../lib/gcc/arm-none-eabi/7.2.1/../../../../arm-none-eabi/lib/thumb/v7-m\libc_nano.a
LOAD c:/program files (x86)/gnu tools arm embedded/7 2017-q4-major/bin/../lib/gcc/arm-none-eabi/7.2.1/../../../../arm-none-eabi/lib/thumb/v7-m\libnosys.a
END GROUP
                0x2000c000                __stack = (ORIGIN (RAM) + LENGTH (RAM))
                0x2000c000                _estack = __stack
                0x00000400                __Main_Stack_Size = 0x400
                [!provide]                PROVIDE (_Main_Stack_Size, __Main_Stack_Size)
                0x2000bc00                __Main_Stack_Limit = (__stack - __Main_Stack_Size)
                [!provide]                PROVIDE (_Main_Stack_Limit, __Main_Stack_Limit)
                0x00000100                _Minimum_Stack_Size = 0x100
                0x200000b8                PROVIDE (_Heap_Begin, _end_noinit)
                0x2000bc00                PROVIDE (_Heap_Limit, (__stack - __Main_Stack_Size))

.isr_vector     0x08000000      0x302
 FILL mask 0xff
                0x08000000                __vectors_start = ABSOLUTE (.)
                0x08000000                __vectors_start__ = ABSOLUTE (.)
 *(.isr_vector)
 .isr_vector    0x08000000      0x1e4 ./system/src/cmsis/vectors_stm32f10x.o
                0x08000000                __isr_vectors
 *(.cfmconfig)
 *(.after_vectors .after_vectors.*)
 .after_vectors
                0x080001e4       0xb8 ./system/src/newlib/_startup.o
                0x080001e4                _start
 .after_vectors
                0x0800029c       0x64 ./system/src/cortexm/exception_handlers.o
                0x0800029c                Reset_Handler
                0x080002a0                NMI_Handler
                0x080002a2                HardFault_Handler
                0x080002b6                HardFault_Handler_C
                0x080002b8                MemManage_Handler
                0x080002ba                BusFault_Handler
                0x080002ce                BusFault_Handler_C
                0x080002d0                UsageFault_Handler
                0x080002e4                UsageFault_Handler_C
                0x080002e6                SVC_Handler
                0x080002e8                DebugMon_Handler
                0x080002ea                PendSV_Handler
                0x080002ec                SysTick_Handler
 .after_vectors
                0x08000300        0x2 ./system/src/cmsis/vectors_stm32f10x.o
                0x08000300                EXTI2_IRQHandler
                0x08000300                PVD_IRQHandler
                0x08000300                CAN2_RX1_IRQHandler
                0x08000300                EXTI3_IRQHandler
                0x08000300                TIM8_TRG_COM_TIM14_IRQHandler
                0x08000300                TIM1_UP_TIM10_IRQHandler
                0x08000300                TIM8_UP_TIM13_IRQHandler
                0x08000300                EXTI0_IRQHandler
                0x08000300                CAN1_RX0_IRQHandler
                0x08000300                TIM1_UP_TIM16_IRQHandler
                0x08000300                CAN2_SCE_IRQHandler
                0x08000300                ADC1_2_IRQHandler
                0x08000300                TAMPER_IRQHandler
                0x08000300                TIM6_DAC_IRQHandler
                0x08000300                TIM1_BRK_TIM9_IRQHandler
                0x08000300                CAN2_RX0_IRQHandler
                0x08000300                DMA1_Channel4_IRQHandler
                0x08000300                RTC_IRQHandler
                0x08000300                DMA1_Channel7_IRQHandler
                0x08000300                DMA1_Channel6_IRQHandler
                0x08000300                DMA2_Channel4_IRQHandler
                0x08000300                RCC_IRQHandler
                0x08000300                TIM8_BRK_TIM12_IRQHandler
                0x08000300                DMA1_Channel1_IRQHandler
                0x08000300                Default_Handler
                0x08000300                CEC_IRQHandler
                0x08000300                TIM14_IRQHandler
                0x08000300                TIM13_IRQHandler
                0x08000300                TIM12_IRQHandler
                0x08000300                CAN2_TX_IRQHandler
                0x08000300                ETH_WKUP_IRQHandler
                0x08000300                CAN1_TX_IRQHandler
                0x08000300                DMA2_Channel5_IRQHandler
                0x08000300                DMA1_Channel5_IRQHandler
                0x08000300                EXTI4_IRQHandler
                0x08000300                TIM1_TRG_COM_TIM17_IRQHandler
                0x08000300                DMA1_Channel3_IRQHandler
                0x08000300                ETH_IRQHandler
                0x08000300                WWDG_IRQHandler
                0x08000300                OTG_FS_WKUP_IRQHandler
                0x08000300                TIM1_TRG_COM_TIM11_IRQHandler
                0x08000300                EXTI1_IRQHandler
                0x08000300                DMA1_Channel2_IRQHandler
                0x08000300                FLASH_IRQHandler
                0x08000300                OTG_FS_IRQHandler
                0x08000300                TIM1_BRK_TIM15_IRQHandler

.inits          0x08000304       0x28
                0x08000304                __data_regions_array_start = .
                0x08000304        0x4 LONG 0x8001e18 LOADADDR (.data)
                0x08000308        0x4 LONG 0x20000000 ADDR (.data)
                0x0800030c        0x4 LONG 0x20000094 (ADDR (.data) + SIZEOF (.data))
                0x08000310        0x4 LONG 0x8001e18 LOADADDR (.data_CCMRAM)
                0x08000314        0x4 LONG 0x0 ADDR (.data_CCMRAM)
                0x08000318        0x4 LONG 0x0 (ADDR (.data_CCMRAM) + SIZEOF (.data_CCMRAM))
                0x0800031c                __data_regions_array_end = .
                0x0800031c                __bss_regions_array_start = .
                0x0800031c        0x4 LONG 0x20000094 ADDR (.bss)
                0x08000320        0x4 LONG 0x200000b8 (ADDR (.bss) + SIZEOF (.bss))
                0x08000324        0x4 LONG 0x0 ADDR (.bss_CCMRAM)
                0x08000328        0x4 LONG 0x0 (ADDR (.bss_CCMRAM) + SIZEOF (.bss_CCMRAM))
                0x0800032c                __bss_regions_array_end = .
 *(.init)
 *(.fini)
                0x0800032c                . = ALIGN (0x4)
                0x0800032c                PROVIDE (__preinit_array_start, .)
 *(.preinit_array_sysinit .preinit_array_sysinit.*)
 *(.preinit_array_platform .preinit_array_platform.*)
 *(.preinit_array .preinit_array.*)
                0x0800032c                PROVIDE (__preinit_array_end, .)
                0x0800032c                . = ALIGN (0x4)
                0x0800032c                PROVIDE (__init_array_start, .)
 *(SORT_BY_NAME(.init_array.*))
 *(.init_array)
                0x0800032c                PROVIDE (__init_array_end, .)
                0x0800032c                . = ALIGN (0x4)
                0x0800032c                PROVIDE (__fini_array_start, .)
 *(SORT_BY_NAME(.fini_array.*))
 *(.fini_array)
                0x0800032c                PROVIDE (__fini_array_end, .)

.flashtext
 *(.flashtext .flashtext.*)

.text           0x0800032c     0x1aeb
 *(.text .text.*)
 .text.NVIC_PriorityGroupConfig
                0x0800032c       0x14 ./system/src/stm32f1-stdperiph/misc.o
                0x0800032c                NVIC_PriorityGroupConfig
 .text.NVIC_Init
                0x08000340       0x58 ./system/src/stm32f1-stdperiph/misc.o
                0x08000340                NVIC_Init
 .text.NVIC_SetVectorTable
                0x08000398       0x14 ./system/src/stm32f1-stdperiph/misc.o
                0x08000398                NVIC_SetVectorTable
 .text.GPIO_Init
                0x080003ac       0xa6 ./system/src/stm32f1-stdperiph/stm32f10x_gpio.o
                0x080003ac                GPIO_Init
 *fill*         0x08000452        0x2 
 .text.GPIO_PinRemapConfig
                0x08000454       0x60 ./system/src/stm32f1-stdperiph/stm32f10x_gpio.o
                0x08000454                GPIO_PinRemapConfig
 .text.RCC_GetClocksFreq
                0x080004b4       0x84 ./system/src/stm32f1-stdperiph/stm32f10x_rcc.o
                0x080004b4                RCC_GetClocksFreq
 .text.RCC_AHBPeriphClockCmd
                0x08000538       0x18 ./system/src/stm32f1-stdperiph/stm32f10x_rcc.o
                0x08000538                RCC_AHBPeriphClockCmd
 .text.RCC_APB2PeriphClockCmd
                0x08000550       0x18 ./system/src/stm32f1-stdperiph/stm32f10x_rcc.o
                0x08000550                RCC_APB2PeriphClockCmd
 .text.RCC_APB1PeriphClockCmd
                0x08000568       0x18 ./system/src/stm32f1-stdperiph/stm32f10x_rcc.o
                0x08000568                RCC_APB1PeriphClockCmd
 .text.TIM_TimeBaseInit
                0x08000580       0x94 ./system/src/stm32f1-stdperiph/stm32f10x_tim.o
                0x08000580                TIM_TimeBaseInit
 .text.TIM_Cmd  0x08000614       0x16 ./system/src/stm32f1-stdperiph/stm32f10x_tim.o
                0x08000614                TIM_Cmd
 .text.TIM_ITConfig
                0x0800062a       0x10 ./system/src/stm32f1-stdperiph/stm32f10x_tim.o
                0x0800062a                TIM_ITConfig
 .text.TIM_PrescalerConfig
                0x0800063a        0x6 ./system/src/stm32f1-stdperiph/stm32f10x_tim.o
                0x0800063a                TIM_PrescalerConfig
 .text.TIM_GetITStatus
                0x08000640       0x16 ./system/src/stm32f1-stdperiph/stm32f10x_tim.o
                0x08000640                TIM_GetITStatus
 .text.TIM_ClearITPendingBit
                0x08000656        0x8 ./system/src/stm32f1-stdperiph/stm32f10x_tim.o
                0x08000656                TIM_ClearITPendingBit
 *fill*         0x0800065e        0x2 
 .text.USART_Init
                0x08000660       0xa0 ./system/src/stm32f1-stdperiph/stm32f10x_usart.o
                0x08000660                USART_Init
 .text.USART_Cmd
                0x08000700       0x16 ./system/src/stm32f1-stdperiph/stm32f10x_usart.o
                0x08000700                USART_Cmd
 .text.USART_SendData
                0x08000716        0x8 ./system/src/stm32f1-stdperiph/stm32f10x_usart.o
                0x08000716                USART_SendData
 .text.USART_GetFlagStatus
                0x0800071e        0xc ./system/src/stm32f1-stdperiph/stm32f10x_usart.o
                0x0800071e                USART_GetFlagStatus
 .text._exit    0x0800072a        0x6 ./system/src/newlib/_exit.o
                0x0800072a                _exit
 .text._sbrk    0x08000730       0x3c ./system/src/newlib/_sbrk.o
                0x08000730                _sbrk
 .text.__initialize_args
                0x0800076c       0x10 ./system/src/newlib/_syscalls.o
                0x0800076c                __initialize_args
 .text.__initialize_hardware_early
                0x0800077c       0x18 ./system/src/cortexm/_initialize_hardware.o
                0x0800077c                __initialize_hardware_early
 .text.__initialize_hardware
                0x08000794        0x4 ./system/src/cortexm/_initialize_hardware.o
                0x08000794                __initialize_hardware
 .text.__reset_hardware
                0x08000798       0x24 ./system/src/cortexm/_reset_hardware.o
                0x08000798                __reset_hardware
 .text.SystemInit
                0x080007bc       0xf0 ./system/src/cmsis/system_stm32f10x.o
                0x080007bc                SystemInit
 .text.SystemCoreClockUpdate
                0x080008ac       0x58 ./system/src/cmsis/system_stm32f10x.o
                0x080008ac                SystemCoreClockUpdate
 .text.GPIO_Configuration
                0x08000904      0x1e4 ./src/PlatformHandler/gpioHandler.o
                0x08000904                GPIO_Configuration
 .text.NVIC_Configuration
                0x08000ae8       0x82 ./src/PlatformHandler/nvicHandler.o
                0x08000ae8                NVIC_Configuration
 *fill*         0x08000b6a        0x2 
 .text.RCC_Configuration
                0x08000b6c       0x28 ./src/PlatformHandler/rccHandler.o
                0x08000b6c                RCC_Configuration
 .text.Timer_Configuration
                0x08000b94       0x3e ./src/PlatformHandler/timerHandler.o
                0x08000b94                Timer_Configuration
 *fill*         0x08000bd2        0x2 
 .text.Timer2_ISR
                0x08000bd4       0x8c ./src/PlatformHandler/timerHandler.o
                0x08000bd4                Timer2_ISR
 .text.getDevtime
                0x08000c60        0xc ./src/PlatformHandler/timerHandler.o
                0x08000c60                getDevtime
 .text.setDevtime
                0x08000c6c        0xc ./src/PlatformHandler/timerHandler.o
                0x08000c6c                setDevtime
 .text.Debug_USART_Configuration
                0x08000c78       0x30 ./src/PlatformHandler/uartHandler.o
                0x08000c78                Debug_USART_Configuration
 .text.USART_Configuration
                0x08000ca8       0x74 ./src/PlatformHandler/uartHandler.o
                0x08000ca8                USART_Configuration
 .text.uart_putc
                0x08000d1c       0x1a ./src/PlatformHandler/uartHandler.o
                0x08000d1c                uart_putc
 .text.uart_puts
                0x08000d36       0x1a ./src/PlatformHandler/uartHandler.o
                0x08000d36                uart_puts
 .text.startup.main
                0x08000d50       0xe0 ./src/main.o
                0x08000d50                main
 .text.UartPutc
                0x08000e30       0x1a ./src/retarget.o
                0x08000e30                UartPutc
 *fill*         0x08000e4a        0x2 
 .text._write   0x08000e4c       0x24 ./src/retarget.o
                0x08000e4c                _write
 .text.USB_HP_CAN1_TX_IRQHandler
                0x08000e70        0x2 ./src/stm32f10x_it.o
                0x08000e70                USB_HP_CAN1_TX_IRQHandler
 .text.USB_LP_CAN1_RX0_IRQHandler
                0x08000e72        0x2 ./src/stm32f10x_it.o
                0x08000e72                USB_LP_CAN1_RX0_IRQHandler
 .text.CAN1_RX1_IRQHandler
                0x08000e74        0x2 ./src/stm32f10x_it.o
                0x08000e74                CAN1_RX1_IRQHandler
 .text.CAN1_SCE_IRQHandler
                0x08000e76        0x2 ./src/stm32f10x_it.o
                0x08000e76                CAN1_SCE_IRQHandler
 .text.EXTI9_5_IRQHandler
                0x08000e78        0x2 ./src/stm32f10x_it.o
                0x08000e78                EXTI9_5_IRQHandler
 .text.TIM1_BRK_IRQHandler
                0x08000e7a        0x2 ./src/stm32f10x_it.o
                0x08000e7a                TIM1_BRK_IRQHandler
 .text.TIM1_UP_IRQHandler
                0x08000e7c        0x2 ./src/stm32f10x_it.o
                0x08000e7c                TIM1_UP_IRQHandler
 .text.TIM1_TRG_COM_IRQHandler
                0x08000e7e        0x2 ./src/stm32f10x_it.o
                0x08000e7e                TIM1_TRG_COM_IRQHandler
 .text.TIM1_CC_IRQHandler
                0x08000e80        0x2 ./src/stm32f10x_it.o
                0x08000e80                TIM1_CC_IRQHandler
 .text.TIM2_IRQHandler
                0x08000e82       0x24 ./src/stm32f10x_it.o
                0x08000e82                TIM2_IRQHandler
 .text.TIM3_IRQHandler
                0x08000ea6        0x2 ./src/stm32f10x_it.o
                0x08000ea6                TIM3_IRQHandler
 .text.TIM4_IRQHandler
                0x08000ea8        0x2 ./src/stm32f10x_it.o
                0x08000ea8                TIM4_IRQHandler
 .text.I2C1_EV_IRQHandler
                0x08000eaa        0x2 ./src/stm32f10x_it.o
                0x08000eaa                I2C1_EV_IRQHandler
 .text.I2C1_ER_IRQHandler
                0x08000eac        0x2 ./src/stm32f10x_it.o
                0x08000eac                I2C1_ER_IRQHandler
 .text.I2C2_EV_IRQHandler
                0x08000eae        0x2 ./src/stm32f10x_it.o
                0x08000eae                I2C2_EV_IRQHandler
 .text.I2C2_ER_IRQHandler
                0x08000eb0        0x2 ./src/stm32f10x_it.o
                0x08000eb0                I2C2_ER_IRQHandler
 .text.SPI1_IRQHandler
                0x08000eb2        0x2 ./src/stm32f10x_it.o
                0x08000eb2                SPI1_IRQHandler
 .text.SPI2_IRQHandler
                0x08000eb4        0x2 ./src/stm32f10x_it.o
                0x08000eb4                SPI2_IRQHandler
 .text.USART1_IRQHandler
                0x08000eb6        0x2 ./src/stm32f10x_it.o
                0x08000eb6                USART1_IRQHandler
 .text.USART2_IRQHandler
                0x08000eb8        0x2 ./src/stm32f10x_it.o
                0x08000eb8                USART2_IRQHandler
 .text.USART3_IRQHandler
                0x08000eba        0x2 ./src/stm32f10x_it.o
                0x08000eba                USART3_IRQHandler
 .text.EXTI15_10_IRQHandler
                0x08000ebc        0x2 ./src/stm32f10x_it.o
                0x08000ebc                EXTI15_10_IRQHandler
 .text.RTCAlarm_IRQHandler
                0x08000ebe        0x2 ./src/stm32f10x_it.o
                0x08000ebe                RTCAlarm_IRQHandler
 .text.USBWakeUp_IRQHandler
                0x08000ec0        0x2 ./src/stm32f10x_it.o
                0x08000ec0                USBWakeUp_IRQHandler
 .text.TIM8_BRK_IRQHandler
                0x08000ec2        0x2 ./src/stm32f10x_it.o
                0x08000ec2                TIM8_BRK_IRQHandler
 .text.TIM8_UP_IRQHandler
                0x08000ec4        0x2 ./src/stm32f10x_it.o
                0x08000ec4                TIM8_UP_IRQHandler
 .text.TIM8_TRG_COM_IRQHandler
                0x08000ec6        0x2 ./src/stm32f10x_it.o
                0x08000ec6                TIM8_TRG_COM_IRQHandler
 .text.TIM8_CC_IRQHandler
                0x08000ec8        0x2 ./src/stm32f10x_it.o
                0x08000ec8                TIM8_CC_IRQHandler
 .text.ADC3_IRQHandler
                0x08000eca        0x2 ./src/stm32f10x_it.o
                0x08000eca                ADC3_IRQHandler
 .text.FSMC_IRQHandler
                0x08000ecc        0x2 ./src/stm32f10x_it.o
                0x08000ecc                FSMC_IRQHandler
 .text.SDIO_IRQHandler
                0x08000ece        0x2 ./src/stm32f10x_it.o
                0x08000ece                SDIO_IRQHandler
 .text.TIM5_IRQHandler
                0x08000ed0        0x2 ./src/stm32f10x_it.o
                0x08000ed0                TIM5_IRQHandler
 .text.SPI3_IRQHandler
                0x08000ed2        0x2 ./src/stm32f10x_it.o
                0x08000ed2                SPI3_IRQHandler
 .text.UART4_IRQHandler
                0x08000ed4        0x2 ./src/stm32f10x_it.o
                0x08000ed4                UART4_IRQHandler
 .text.UART5_IRQHandler
                0x08000ed6        0x2 ./src/stm32f10x_it.o
                0x08000ed6                UART5_IRQHandler
 .text.TIM6_IRQHandler
                0x08000ed8        0x2 ./src/stm32f10x_it.o
                0x08000ed8                TIM6_IRQHandler
 .text.TIM7_IRQHandler
                0x08000eda        0x2 ./src/stm32f10x_it.o
                0x08000eda                TIM7_IRQHandler
 .text.DMA2_Channel1_IRQHandler
                0x08000edc        0x2 ./src/stm32f10x_it.o
                0x08000edc                DMA2_Channel1_IRQHandler
 .text.DMA2_Channel2_IRQHandler
                0x08000ede        0x2 ./src/stm32f10x_it.o
                0x08000ede                DMA2_Channel2_IRQHandler
 .text.DMA2_Channel3_IRQHandler
                0x08000ee0        0x2 ./src/stm32f10x_it.o
                0x08000ee0                DMA2_Channel3_IRQHandler
 .text.DMA2_Channel4_5_IRQHandler
                0x08000ee2        0x2 ./src/stm32f10x_it.o
                0x08000ee2                DMA2_Channel4_5_IRQHandler
 .text.__errno  0x08000ee4        0xc c:/program files (x86)/gnu tools arm embedded/7 2017-q4-major/bin/../lib/gcc/arm-none-eabi/7.2.1/../../../../arm-none-eabi/lib/thumb/v7-m\libg_nano.a(lib_a-errno.o)
                0x08000ee4                __errno
 .text.printf   0x08000ef0       0x30 c:/program files (x86)/gnu tools arm embedded/7 2017-q4-major/bin/../lib/gcc/arm-none-eabi/7.2.1/../../../../arm-none-eabi/lib/thumb/v7-m\libg_nano.a(lib_a-printf.o)
                0x08000ef0                iprintf
                0x08000ef0                printf
 .text.std      0x08000f20       0x48 c:/program files (x86)/gnu tools arm embedded/7 2017-q4-major/bin/../lib/gcc/arm-none-eabi/7.2.1/../../../../arm-none-eabi/lib/thumb/v7-m\libg_nano.a(lib_a-findfp.o)
 .text._cleanup_r
                0x08000f68        0xc c:/program files (x86)/gnu tools arm embedded/7 2017-q4-major/bin/../lib/gcc/arm-none-eabi/7.2.1/../../../../arm-none-eabi/lib/thumb/v7-m\libg_nano.a(lib_a-findfp.o)
                0x08000f68                _cleanup_r
 .text.__sfmoreglue
                0x08000f74       0x2c c:/program files (x86)/gnu tools arm embedded/7 2017-q4-major/bin/../lib/gcc/arm-none-eabi/7.2.1/../../../../arm-none-eabi/lib/thumb/v7-m\libg_nano.a(lib_a-findfp.o)
                0x08000f74                __sfmoreglue
 .text.__sinit  0x08000fa0       0x60 c:/program files (x86)/gnu tools arm embedded/7 2017-q4-major/bin/../lib/gcc/arm-none-eabi/7.2.1/../../../../arm-none-eabi/lib/thumb/v7-m\libg_nano.a(lib_a-findfp.o)
                0x08000fa0                __sinit
 .text.__sfp    0x08001000       0x78 c:/program files (x86)/gnu tools arm embedded/7 2017-q4-major/bin/../lib/gcc/arm-none-eabi/7.2.1/../../../../arm-none-eabi/lib/thumb/v7-m\libg_nano.a(lib_a-findfp.o)
                0x08001000                __sfp
 .text._fwalk_reent
                0x08001078       0x3c c:/program files (x86)/gnu tools arm embedded/7 2017-q4-major/bin/../lib/gcc/arm-none-eabi/7.2.1/../../../../arm-none-eabi/lib/thumb/v7-m\libg_nano.a(lib_a-fwalk.o)
                0x08001078                _fwalk_reent
 .text.memset   0x080010b4       0x10 c:/program files (x86)/gnu tools arm embedded/7 2017-q4-major/bin/../lib/gcc/arm-none-eabi/7.2.1/../../../../arm-none-eabi/lib/thumb/v7-m\libg_nano.a(lib_a-memset.o)
                0x080010b4                memset
 .text._malloc_r
                0x080010c4       0xb4 c:/program files (x86)/gnu tools arm embedded/7 2017-q4-major/bin/../lib/gcc/arm-none-eabi/7.2.1/../../../../arm-none-eabi/lib/thumb/v7-m\libg_nano.a(lib_a-nano-mallocr.o)
                0x080010c4                _malloc_r
 .text.__sfputc_r
                0x08001178       0x2a c:/program files (x86)/gnu tools arm embedded/7 2017-q4-major/bin/../lib/gcc/arm-none-eabi/7.2.1/../../../../arm-none-eabi/lib/thumb/v7-m\libg_nano.a(lib_a-nano-vfprintf.o)
 .text.__sfputs_r
                0x080011a2       0x24 c:/program files (x86)/gnu tools arm embedded/7 2017-q4-major/bin/../lib/gcc/arm-none-eabi/7.2.1/../../../../arm-none-eabi/lib/thumb/v7-m\libg_nano.a(lib_a-nano-vfprintf.o)
                0x080011a2                __sfputs_r
 *fill*         0x080011c6        0x2 
 .text._vfprintf_r
                0x080011c8      0x228 c:/program files (x86)/gnu tools arm embedded/7 2017-q4-major/bin/../lib/gcc/arm-none-eabi/7.2.1/../../../../arm-none-eabi/lib/thumb/v7-m\libg_nano.a(lib_a-nano-vfprintf.o)
                0x080011c8                _vfprintf_r
                0x080011c8                _vfiprintf_r
 .text._printf_common
                0x080013f0       0xec c:/program files (x86)/gnu tools arm embedded/7 2017-q4-major/bin/../lib/gcc/arm-none-eabi/7.2.1/../../../../arm-none-eabi/lib/thumb/v7-m\libg_nano.a(lib_a-nano-vfprintf_i.o)
                0x080013f0                _printf_common
 .text._printf_i
                0x080014dc      0x224 c:/program files (x86)/gnu tools arm embedded/7 2017-q4-major/bin/../lib/gcc/arm-none-eabi/7.2.1/../../../../arm-none-eabi/lib/thumb/v7-m\libg_nano.a(lib_a-nano-vfprintf_i.o)
                0x080014dc                _printf_i
 .text._sbrk_r  0x08001700       0x20 c:/program files (x86)/gnu tools arm embedded/7 2017-q4-major/bin/../lib/gcc/arm-none-eabi/7.2.1/../../../../arm-none-eabi/lib/thumb/v7-m\libg_nano.a(lib_a-sbrkr.o)
                0x08001700                _sbrk_r
 .text.__sread  0x08001720       0x22 c:/program files (x86)/gnu tools arm embedded/7 2017-q4-major/bin/../lib/gcc/arm-none-eabi/7.2.1/../../../../arm-none-eabi/lib/thumb/v7-m\libg_nano.a(lib_a-stdio.o)
                0x08001720                __sread
 .text.__swrite
                0x08001742       0x38 c:/program files (x86)/gnu tools arm embedded/7 2017-q4-major/bin/../lib/gcc/arm-none-eabi/7.2.1/../../../../arm-none-eabi/lib/thumb/v7-m\libg_nano.a(lib_a-stdio.o)
                0x08001742                __swrite
 .text.__sseek  0x0800177a       0x24 c:/program files (x86)/gnu tools arm embedded/7 2017-q4-major/bin/../lib/gcc/arm-none-eabi/7.2.1/../../../../arm-none-eabi/lib/thumb/v7-m\libg_nano.a(lib_a-stdio.o)
                0x0800177a                __sseek
 .text.__sclose
                0x0800179e        0x8 c:/program files (x86)/gnu tools arm embedded/7 2017-q4-major/bin/../lib/gcc/arm-none-eabi/7.2.1/../../../../arm-none-eabi/lib/thumb/v7-m\libg_nano.a(lib_a-stdio.o)
                0x0800179e                __sclose
 *fill*         0x080017a6        0x2 
 .text.__swbuf_r
                0x080017a8       0xa4 c:/program files (x86)/gnu tools arm embedded/7 2017-q4-major/bin/../lib/gcc/arm-none-eabi/7.2.1/../../../../arm-none-eabi/lib/thumb/v7-m\libg_nano.a(lib_a-wbuf.o)
                0x080017a8                __swbuf_r
 .text._write_r
                0x0800184c       0x24 c:/program files (x86)/gnu tools arm embedded/7 2017-q4-major/bin/../lib/gcc/arm-none-eabi/7.2.1/../../../../arm-none-eabi/lib/thumb/v7-m\libg_nano.a(lib_a-writer.o)
                0x0800184c                _write_r
 .text.__swsetup_r
                0x08001870       0xdc c:/program files (x86)/gnu tools arm embedded/7 2017-q4-major/bin/../lib/gcc/arm-none-eabi/7.2.1/../../../../arm-none-eabi/lib/thumb/v7-m\libg_nano.a(lib_a-wsetup.o)
                0x08001870                __swsetup_r
 .text._close_r
                0x0800194c       0x20 c:/program files (x86)/gnu tools arm embedded/7 2017-q4-major/bin/../lib/gcc/arm-none-eabi/7.2.1/../../../../arm-none-eabi/lib/thumb/v7-m\libg_nano.a(lib_a-closer.o)
                0x0800194c                _close_r
 .text.__sflush_r
                0x0800196c      0x10c c:/program files (x86)/gnu tools arm embedded/7 2017-q4-major/bin/../lib/gcc/arm-none-eabi/7.2.1/../../../../arm-none-eabi/lib/thumb/v7-m\libg_nano.a(lib_a-fflush.o)
                0x0800196c                __sflush_r
 .text._fflush_r
                0x08001a78       0x54 c:/program files (x86)/gnu tools arm embedded/7 2017-q4-major/bin/../lib/gcc/arm-none-eabi/7.2.1/../../../../arm-none-eabi/lib/thumb/v7-m\libg_nano.a(lib_a-fflush.o)
                0x08001a78                _fflush_r
 .text._lseek_r
                0x08001acc       0x24 c:/program files (x86)/gnu tools arm embedded/7 2017-q4-major/bin/../lib/gcc/arm-none-eabi/7.2.1/../../../../arm-none-eabi/lib/thumb/v7-m\libg_nano.a(lib_a-lseekr.o)
                0x08001acc                _lseek_r
 .text.__swhatbuf_r
                0x08001af0       0x48 c:/program files (x86)/gnu tools arm embedded/7 2017-q4-major/bin/../lib/gcc/arm-none-eabi/7.2.1/../../../../arm-none-eabi/lib/thumb/v7-m\libg_nano.a(lib_a-makebuf.o)
                0x08001af0                __swhatbuf_r
 .text.__smakebuf_r
                0x08001b38       0x80 c:/program files (x86)/gnu tools arm embedded/7 2017-q4-major/bin/../lib/gcc/arm-none-eabi/7.2.1/../../../../arm-none-eabi/lib/thumb/v7-m\libg_nano.a(lib_a-makebuf.o)
                0x08001b38                __smakebuf_r
 .text.memchr   0x08001bb8       0x1c c:/program files (x86)/gnu tools arm embedded/7 2017-q4-major/bin/../lib/gcc/arm-none-eabi/7.2.1/../../../../arm-none-eabi/lib/thumb/v7-m\libg_nano.a(lib_a-memchr-stub.o)
                0x08001bb8                memchr
 .text.__malloc_lock
                0x08001bd4        0x2 c:/program files (x86)/gnu tools arm embedded/7 2017-q4-major/bin/../lib/gcc/arm-none-eabi/7.2.1/../../../../arm-none-eabi/lib/thumb/v7-m\libg_nano.a(lib_a-mlock.o)
                0x08001bd4                __malloc_lock
 .text.__malloc_unlock
                0x08001bd6        0x2 c:/program files (x86)/gnu tools arm embedded/7 2017-q4-major/bin/../lib/gcc/arm-none-eabi/7.2.1/../../../../arm-none-eabi/lib/thumb/v7-m\libg_nano.a(lib_a-mlock.o)
                0x08001bd6                __malloc_unlock
 .text._free_r  0x08001bd8       0x98 c:/program files (x86)/gnu tools arm embedded/7 2017-q4-major/bin/../lib/gcc/arm-none-eabi/7.2.1/../../../../arm-none-eabi/lib/thumb/v7-m\libg_nano.a(lib_a-nano-freer.o)
                0x08001bd8                _free_r
 .text._read_r  0x08001c70       0x24 c:/program files (x86)/gnu tools arm embedded/7 2017-q4-major/bin/../lib/gcc/arm-none-eabi/7.2.1/../../../../arm-none-eabi/lib/thumb/v7-m\libg_nano.a(lib_a-readr.o)
                0x08001c70                _read_r
 .text._fstat_r
                0x08001c94       0x24 c:/program files (x86)/gnu tools arm embedded/7 2017-q4-major/bin/../lib/gcc/arm-none-eabi/7.2.1/../../../../arm-none-eabi/lib/thumb/v7-m\libg_nano.a(lib_a-fstatr.o)
                0x08001c94                _fstat_r
 .text._isatty_r
                0x08001cb8       0x20 c:/program files (x86)/gnu tools arm embedded/7 2017-q4-major/bin/../lib/gcc/arm-none-eabi/7.2.1/../../../../arm-none-eabi/lib/thumb/v7-m\libg_nano.a(lib_a-isattyr.o)
                0x08001cb8                _isatty_r
 .text._close   0x08001cd8       0x10 c:/program files (x86)/gnu tools arm embedded/7 2017-q4-major/bin/../lib/gcc/arm-none-eabi/7.2.1/../../../../arm-none-eabi/lib/thumb/v7-m\libnosys.a(close.o)
                0x08001cd8                _close
 .text._fstat   0x08001ce8       0x10 c:/program files (x86)/gnu tools arm embedded/7 2017-q4-major/bin/../lib/gcc/arm-none-eabi/7.2.1/../../../../arm-none-eabi/lib/thumb/v7-m\libnosys.a(fstat.o)
                0x08001ce8                _fstat
 .text._isatty  0x08001cf8       0x10 c:/program files (x86)/gnu tools arm embedded/7 2017-q4-major/bin/../lib/gcc/arm-none-eabi/7.2.1/../../../../arm-none-eabi/lib/thumb/v7-m\libnosys.a(isatty.o)
                0x08001cf8                _isatty
 .text._lseek   0x08001d08       0x10 c:/program files (x86)/gnu tools arm embedded/7 2017-q4-major/bin/../lib/gcc/arm-none-eabi/7.2.1/../../../../arm-none-eabi/lib/thumb/v7-m\libnosys.a(lseek.o)
                0x08001d08                _lseek
 .text._read    0x08001d18       0x10 c:/program files (x86)/gnu tools arm embedded/7 2017-q4-major/bin/../lib/gcc/arm-none-eabi/7.2.1/../../../../arm-none-eabi/lib/thumb/v7-m\libnosys.a(read.o)
                0x08001d18                _read
 *(.rodata .rodata.* .constdata .constdata.*)
 .rodata.main.str1.1
                0x08001d28       0x56 ./src/main.o
 *fill*         0x08001d7e        0x2 
 .rodata._global_impure_ptr
                0x08001d80        0x4 c:/program files (x86)/gnu tools arm embedded/7 2017-q4-major/bin/../lib/gcc/arm-none-eabi/7.2.1/../../../../arm-none-eabi/lib/thumb/v7-m\libg_nano.a(lib_a-impure.o)
                0x08001d80                _global_impure_ptr
 .rodata.__sf_fake_stderr
                0x08001d84       0x20 c:/program files (x86)/gnu tools arm embedded/7 2017-q4-major/bin/../lib/gcc/arm-none-eabi/7.2.1/../../../../arm-none-eabi/lib/thumb/v7-m\libg_nano.a(lib_a-findfp.o)
                0x08001d84                __sf_fake_stderr
 .rodata.__sf_fake_stdin
                0x08001da4       0x20 c:/program files (x86)/gnu tools arm embedded/7 2017-q4-major/bin/../lib/gcc/arm-none-eabi/7.2.1/../../../../arm-none-eabi/lib/thumb/v7-m\libg_nano.a(lib_a-findfp.o)
                0x08001da4                __sf_fake_stdin
 .rodata.__sf_fake_stdout
                0x08001dc4       0x20 c:/program files (x86)/gnu tools arm embedded/7 2017-q4-major/bin/../lib/gcc/arm-none-eabi/7.2.1/../../../../arm-none-eabi/lib/thumb/v7-m\libg_nano.a(lib_a-findfp.o)
                0x08001dc4                __sf_fake_stdout
 .rodata._vfprintf_r.str1.1
                0x08001de4       0x11 c:/program files (x86)/gnu tools arm embedded/7 2017-q4-major/bin/../lib/gcc/arm-none-eabi/7.2.1/../../../../arm-none-eabi/lib/thumb/v7-m\libg_nano.a(lib_a-nano-vfprintf.o)
 .rodata._printf_i.str1.1
                0x08001df5       0x22 c:/program files (x86)/gnu tools arm embedded/7 2017-q4-major/bin/../lib/gcc/arm-none-eabi/7.2.1/../../../../arm-none-eabi/lib/thumb/v7-m\libg_nano.a(lib_a-nano-vfprintf_i.o)
 *(vtable)
 *(.eh_frame*)
 *(.glue_7)
 .glue_7        0x08001e17        0x0 linker stubs
 *(.glue_7t)
 .glue_7t       0x08001e17        0x0 linker stubs

.vfp11_veneer   0x08001e18        0x0
 .vfp11_veneer  0x08001e18        0x0 linker stubs

.v4_bx          0x08001e18        0x0
 .v4_bx         0x08001e18        0x0 linker stubs

.iplt           0x08001e18        0x0
 .iplt          0x08001e18        0x0 ./system/src/stm32f1-stdperiph/misc.o

.rel.dyn        0x08001e18        0x0
 .rel.iplt      0x08001e18        0x0 ./system/src/stm32f1-stdperiph/misc.o

.ARM.extab
 *(.ARM.extab* .gnu.linkonce.armextab.*)
                0x08001e18                . = ALIGN (0x4)
                0x08001e18                __exidx_start = .

.ARM.exidx
 *(.ARM.exidx* .gnu.linkonce.armexidx.*)
                0x08001e18                __exidx_end = .
                0x08001e18                . = ALIGN (0x4)
                0x08001e18                _etext = .
                0x08001e18                __etext = .

.data_CCMRAM    0x00000000        0x0 load address 0x08001e18
 FILL mask 0xff
 *(.data.CCMRAM .data.CCMRAM.*)
                0x00000000                . = ALIGN (0x4)
                0x08001e18                _sidata = LOADADDR (.data)

.data           0x20000000       0x94 load address 0x08001e18
 FILL mask 0xff
                0x20000000                _sdata = .
                0x20000000                __data_start__ = .
 *(.data_begin .data_begin.*)
 *(.data .data.*)
 .data.ADCPrescTable
                0x20000000        0x4 ./system/src/stm32f1-stdperiph/stm32f10x_rcc.o
 .data.APBAHBPrescTable
                0x20000004       0x10 ./system/src/stm32f1-stdperiph/stm32f10x_rcc.o
 .data.argv.4310
                0x20000014        0x8 ./system/src/newlib/_syscalls.o
 .data.AHBPrescTable
                0x2000001c       0x10 ./system/src/cmsis/system_stm32f10x.o
                0x2000001c                AHBPrescTable
 .data.SystemCoreClock
                0x2000002c        0x4 ./system/src/cmsis/system_stm32f10x.o
                0x2000002c                SystemCoreClock
 .data._impure_ptr
                0x20000030        0x4 c:/program files (x86)/gnu tools arm embedded/7 2017-q4-major/bin/../lib/gcc/arm-none-eabi/7.2.1/../../../../arm-none-eabi/lib/thumb/v7-m\libg_nano.a(lib_a-impure.o)
                0x20000030                _impure_ptr
 .data.impure_data
                0x20000034       0x60 c:/program files (x86)/gnu tools arm embedded/7 2017-q4-major/bin/../lib/gcc/arm-none-eabi/7.2.1/../../../../arm-none-eabi/lib/thumb/v7-m\libg_nano.a(lib_a-impure.o)
 *(.data_end .data_end.*)
                0x20000094                . = ALIGN (0x4)
                0x20000094                _edata = .
                0x20000094                __data_end__ = .

.igot.plt       0x20000094        0x0 load address 0x08001eac
 .igot.plt      0x20000094        0x0 ./system/src/stm32f1-stdperiph/misc.o

.bss_CCMRAM     0x00000000        0x0
 *(.bss.CCMRAM .bss.CCMRAM.*)

.bss            0x20000094       0x24
                0x20000094                __bss_start__ = .
                0x20000094                _sbss = .
 *(.bss_begin .bss_begin.*)
 *(.bss .bss.*)
 .bss.current_heap_end.3961
                0x20000094        0x4 ./system/src/newlib/_sbrk.o
 .bss.name.4309
                0x20000098        0x1 ./system/src/newlib/_syscalls.o
 *fill*         0x20000099        0x1 
 .bss.day_cnt   0x2000009a        0x2 ./src/PlatformHandler/timerHandler.o
                0x2000009a                day_cnt
 .bss.devtime_msec
                0x2000009c        0x4 ./src/PlatformHandler/timerHandler.o
                0x2000009c                devtime_msec
 .bss.devtime_sec
                0x200000a0        0x4 ./src/PlatformHandler/timerHandler.o
                0x200000a0                devtime_sec
 .bss.hour_cnt  0x200000a4        0x1 ./src/PlatformHandler/timerHandler.o
                0x200000a4                hour_cnt
 .bss.min_cnt   0x200000a5        0x1 ./src/PlatformHandler/timerHandler.o
                0x200000a5                min_cnt
 .bss.msec_cnt  0x200000a6        0x2 ./src/PlatformHandler/timerHandler.o
                0x200000a6                msec_cnt
 .bss.sec_cnt   0x200000a8        0x1 ./src/PlatformHandler/timerHandler.o
                0x200000a8                sec_cnt
 *fill*         0x200000a9        0x3 
 .bss.__malloc_free_list
                0x200000ac        0x4 c:/program files (x86)/gnu tools arm embedded/7 2017-q4-major/bin/../lib/gcc/arm-none-eabi/7.2.1/../../../../arm-none-eabi/lib/thumb/v7-m\libg_nano.a(lib_a-nano-mallocr.o)
                0x200000ac                __malloc_free_list
 .bss.__malloc_sbrk_start
                0x200000b0        0x4 c:/program files (x86)/gnu tools arm embedded/7 2017-q4-major/bin/../lib/gcc/arm-none-eabi/7.2.1/../../../../arm-none-eabi/lib/thumb/v7-m\libg_nano.a(lib_a-nano-mallocr.o)
                0x200000b0                __malloc_sbrk_start
 *(COMMON)
 COMMON         0x200000b4        0x4 ./system/src/newlib/_syscalls.o
                0x200000b4                errno
 *(.bss_end .bss_end.*)
                0x200000b8                . = ALIGN (0x4)
                0x200000b8                __bss_end__ = .
                0x200000b8                _ebss = .

.noinit_CCMRAM
 *(.noinit.CCMRAM .noinit.CCMRAM.*)

.noinit         0x200000b8        0x0
                0x200000b8                _noinit = .
 *(.noinit .noinit.*)
                0x200000b8                . = ALIGN (0x4)
                0x200000b8                _end_noinit = .
                [!provide]                PROVIDE (end, _end_noinit)
                [!provide]                PROVIDE (_end, _end_noinit)
                [!provide]                PROVIDE (__end, _end_noinit)
                [!provide]                PROVIDE (__end__, _end_noinit)

._check_stack   0x200000b8      0x100
                0x200001b8                . = (. + _Minimum_Stack_Size)
 *fill*         0x200000b8      0x100 

.b1text
 *(.b1text)
 *(.b1rodata)
 *(.b1rodata.*)

.eb0text
 *(.eb0text)
 *(.eb0rodata)
 *(.eb0rodata.*)

.eb1text
 *(.eb1text)
 *(.eb1rodata)
 *(.eb1rodata.*)

.eb2text
 *(.eb2text)
 *(.eb2rodata)
 *(.eb2rodata.*)

.eb3text
 *(.eb3text)
 *(.eb3rodata)
 *(.eb3rodata.*)

.stab           0x00000000       0x84
 *(.stab)
 .stab          0x00000000       0x24 c:/program files (x86)/gnu tools arm embedded/7 2017-q4-major/bin/../lib/gcc/arm-none-eabi/7.2.1/../../../../arm-none-eabi/lib/thumb/v7-m\libnosys.a(close.o)
 .stab          0x00000024       0x18 c:/program files (x86)/gnu tools arm embedded/7 2017-q4-major/bin/../lib/gcc/arm-none-eabi/7.2.1/../../../../arm-none-eabi/lib/thumb/v7-m\libnosys.a(fstat.o)
                                 0x24 (size before relaxing)
 .stab          0x0000003c       0x18 c:/program files (x86)/gnu tools arm embedded/7 2017-q4-major/bin/../lib/gcc/arm-none-eabi/7.2.1/../../../../arm-none-eabi/lib/thumb/v7-m\libnosys.a(isatty.o)
                                 0x24 (size before relaxing)
 .stab          0x00000054       0x18 c:/program files (x86)/gnu tools arm embedded/7 2017-q4-major/bin/../lib/gcc/arm-none-eabi/7.2.1/../../../../arm-none-eabi/lib/thumb/v7-m\libnosys.a(lseek.o)
                                 0x24 (size before relaxing)
 .stab          0x0000006c       0x18 c:/program files (x86)/gnu tools arm embedded/7 2017-q4-major/bin/../lib/gcc/arm-none-eabi/7.2.1/../../../../arm-none-eabi/lib/thumb/v7-m\libnosys.a(read.o)
                                 0x24 (size before relaxing)

.stabstr        0x00000000      0x117
 *(.stabstr)
 .stabstr       0x00000000      0x117 c:/program files (x86)/gnu tools arm embedded/7 2017-q4-major/bin/../lib/gcc/arm-none-eabi/7.2.1/../../../../arm-none-eabi/lib/thumb/v7-m\libnosys.a(close.o)

.stab.excl
 *(.stab.excl)

.stab.exclstr
 *(.stab.exclstr)

.stab.index
 *(.stab.index)

.stab.indexstr
 *(.stab.indexstr)

.comment        0x00000000       0x7e
 *(.comment)
 .comment       0x00000000       0x7e ./system/src/stm32f1-stdperiph/misc.o
                                 0x7f (size before relaxing)
 .comment       0x0000007e       0x7f ./system/src/stm32f1-stdperiph/stm32f10x_gpio.o
 .comment       0x0000007e       0x7f ./system/src/stm32f1-stdperiph/stm32f10x_rcc.o
 .comment       0x0000007e       0x7f ./system/src/stm32f1-stdperiph/stm32f10x_tim.o
 .comment       0x0000007e       0x7f ./system/src/stm32f1-stdperiph/stm32f10x_usart.o
 .comment       0x0000007e       0x7f ./system/src/newlib/_exit.o
 .comment       0x0000007e       0x7f ./system/src/newlib/_sbrk.o
 .comment       0x0000007e       0x7f ./system/src/newlib/_startup.o
 .comment       0x0000007e       0x7f ./system/src/newlib/_syscalls.o
 .comment       0x0000007e       0x7f ./system/src/cortexm/_initialize_hardware.o
 .comment       0x0000007e       0x7f ./system/src/cortexm/_reset_hardware.o
 .comment       0x0000007e       0x7f ./system/src/cortexm/exception_handlers.o
 .comment       0x0000007e       0x7f ./system/src/cmsis/system_stm32f10x.o
 .comment       0x0000007e       0x7f ./system/src/cmsis/vectors_stm32f10x.o
 .comment       0x0000007e       0x7f ./src/PlatformHandler/gpioHandler.o
 .comment       0x0000007e       0x7f ./src/PlatformHandler/nvicHandler.o
 .comment       0x0000007e       0x7f ./src/PlatformHandler/rccHandler.o
 .comment       0x0000007e       0x7f ./src/PlatformHandler/timerHandler.o
 .comment       0x0000007e       0x7f ./src/PlatformHandler/uartHandler.o
 .comment       0x0000007e       0x7f ./src/main.o
 .comment       0x0000007e       0x7f ./src/retarget.o
 .comment       0x0000007e       0x7f ./src/stm32f10x_it.o

.ARM.attributes
                0x00000000       0x33
 .ARM.attributes
                0x00000000       0x33 ./system/src/stm32f1-stdperiph/misc.o
 .ARM.attributes
                0x00000033       0x33 ./system/src/stm32f1-stdperiph/stm32f10x_gpio.o
 .ARM.attributes
                0x00000066       0x33 ./system/src/stm32f1-stdperiph/stm32f10x_rcc.o
 .ARM.attributes
                0x00000099       0x33 ./system/src/stm32f1-stdperiph/stm32f10x_tim.o
 .ARM.attributes
                0x000000cc       0x33 ./system/src/stm32f1-stdperiph/stm32f10x_usart.o
 .ARM.attributes
                0x000000ff       0x33 ./system/src/newlib/_exit.o
 .ARM.attributes
                0x00000132       0x33 ./system/src/newlib/_sbrk.o
 .ARM.attributes
                0x00000165       0x33 ./system/src/newlib/_startup.o
 .ARM.attributes
                0x00000198       0x33 ./system/src/newlib/_syscalls.o
 .ARM.attributes
                0x000001cb       0x33 ./system/src/cortexm/_initialize_hardware.o
 .ARM.attributes
                0x000001fe       0x33 ./system/src/cortexm/_reset_hardware.o
 .ARM.attributes
                0x00000231       0x33 ./system/src/cortexm/exception_handlers.o
 .ARM.attributes
                0x00000264       0x33 ./system/src/cmsis/system_stm32f10x.o
 .ARM.attributes
                0x00000297       0x33 ./system/src/cmsis/vectors_stm32f10x.o
 .ARM.attributes
                0x000002ca       0x33 ./src/PlatformHandler/gpioHandler.o
 .ARM.attributes
                0x000002fd       0x33 ./src/PlatformHandler/nvicHandler.o
 .ARM.attributes
                0x00000330       0x33 ./src/PlatformHandler/rccHandler.o
 .ARM.attributes
                0x00000363       0x33 ./src/PlatformHandler/timerHandler.o
 .ARM.attributes
                0x00000396       0x33 ./src/PlatformHandler/uartHandler.o
 .ARM.attributes
                0x000003c9       0x33 ./src/main.o
 .ARM.attributes
                0x000003fc       0x33 ./src/retarget.o
 .ARM.attributes
                0x0000042f       0x33 ./src/stm32f10x_it.o
 .ARM.attributes
                0x00000462       0x2d c:/program files (x86)/gnu tools arm embedded/7 2017-q4-major/bin/../lib/gcc/arm-none-eabi/7.2.1/../../../../arm-none-eabi/lib/thumb/v7-m\libg_nano.a(lib_a-errno.o)
 .ARM.attributes
                0x0000048f       0x2d c:/program files (x86)/gnu tools arm embedded/7 2017-q4-major/bin/../lib/gcc/arm-none-eabi/7.2.1/../../../../arm-none-eabi/lib/thumb/v7-m\libg_nano.a(lib_a-impure.o)
 .ARM.attributes
                0x000004bc       0x2d c:/program files (x86)/gnu tools arm embedded/7 2017-q4-major/bin/../lib/gcc/arm-none-eabi/7.2.1/../../../../arm-none-eabi/lib/thumb/v7-m\libg_nano.a(lib_a-printf.o)
 .ARM.attributes
                0x000004e9       0x2d c:/program files (x86)/gnu tools arm embedded/7 2017-q4-major/bin/../lib/gcc/arm-none-eabi/7.2.1/../../../../arm-none-eabi/lib/thumb/v7-m\libg_nano.a(lib_a-findfp.o)
 .ARM.attributes
                0x00000516       0x2d c:/program files (x86)/gnu tools arm embedded/7 2017-q4-major/bin/../lib/gcc/arm-none-eabi/7.2.1/../../../../arm-none-eabi/lib/thumb/v7-m\libg_nano.a(lib_a-fwalk.o)
 .ARM.attributes
                0x00000543       0x2d c:/program files (x86)/gnu tools arm embedded/7 2017-q4-major/bin/../lib/gcc/arm-none-eabi/7.2.1/../../../../arm-none-eabi/lib/thumb/v7-m\libg_nano.a(lib_a-memset.o)
 .ARM.attributes
                0x00000570       0x2d c:/program files (x86)/gnu tools arm embedded/7 2017-q4-major/bin/../lib/gcc/arm-none-eabi/7.2.1/../../../../arm-none-eabi/lib/thumb/v7-m\libg_nano.a(lib_a-nano-mallocr.o)
 .ARM.attributes
                0x0000059d       0x2d c:/program files (x86)/gnu tools arm embedded/7 2017-q4-major/bin/../lib/gcc/arm-none-eabi/7.2.1/../../../../arm-none-eabi/lib/thumb/v7-m\libg_nano.a(lib_a-nano-vfprintf.o)
 .ARM.attributes
                0x000005ca       0x2d c:/program files (x86)/gnu tools arm embedded/7 2017-q4-major/bin/../lib/gcc/arm-none-eabi/7.2.1/../../../../arm-none-eabi/lib/thumb/v7-m\libg_nano.a(lib_a-nano-vfprintf_i.o)
 .ARM.attributes
                0x000005f7       0x2d c:/program files (x86)/gnu tools arm embedded/7 2017-q4-major/bin/../lib/gcc/arm-none-eabi/7.2.1/../../../../arm-none-eabi/lib/thumb/v7-m\libg_nano.a(lib_a-sbrkr.o)
 .ARM.attributes
                0x00000624       0x2d c:/program files (x86)/gnu tools arm embedded/7 2017-q4-major/bin/../lib/gcc/arm-none-eabi/7.2.1/../../../../arm-none-eabi/lib/thumb/v7-m\libg_nano.a(lib_a-stdio.o)
 .ARM.attributes
                0x00000651       0x2d c:/program files (x86)/gnu tools arm embedded/7 2017-q4-major/bin/../lib/gcc/arm-none-eabi/7.2.1/../../../../arm-none-eabi/lib/thumb/v7-m\libg_nano.a(lib_a-wbuf.o)
 .ARM.attributes
                0x0000067e       0x2d c:/program files (x86)/gnu tools arm embedded/7 2017-q4-major/bin/../lib/gcc/arm-none-eabi/7.2.1/../../../../arm-none-eabi/lib/thumb/v7-m\libg_nano.a(lib_a-writer.o)
 .ARM.attributes
                0x000006ab       0x2d c:/program files (x86)/gnu tools arm embedded/7 2017-q4-major/bin/../lib/gcc/arm-none-eabi/7.2.1/../../../../arm-none-eabi/lib/thumb/v7-m\libg_nano.a(lib_a-wsetup.o)
 .ARM.attributes
                0x000006d8       0x2d c:/program files (x86)/gnu tools arm embedded/7 2017-q4-major/bin/../lib/gcc/arm-none-eabi/7.2.1/../../../../arm-none-eabi/lib/thumb/v7-m\libg_nano.a(lib_a-closer.o)
 .ARM.attributes
                0x00000705       0x2d c:/program files (x86)/gnu tools arm embedded/7 2017-q4-major/bin/../lib/gcc/arm-none-eabi/7.2.1/../../../../arm-none-eabi/lib/thumb/v7-m\libg_nano.a(lib_a-fflush.o)
 .ARM.attributes
                0x00000732       0x2d c:/program files (x86)/gnu tools arm embedded/7 2017-q4-major/bin/../lib/gcc/arm-none-eabi/7.2.1/../../../../arm-none-eabi/lib/thumb/v7-m\libg_nano.a(lib_a-lseekr.o)
 .ARM.attributes
                0x0000075f       0x2d c:/program files (x86)/gnu tools arm embedded/7 2017-q4-major/bin/../lib/gcc/arm-none-eabi/7.2.1/../../../../arm-none-eabi/lib/thumb/v7-m\libg_nano.a(lib_a-makebuf.o)
 .ARM.attributes
                0x0000078c       0x2d c:/program files (x86)/gnu tools arm embedded/7 2017-q4-major/bin/../lib/gcc/arm-none-eabi/7.2.1/../../../../arm-none-eabi/lib/thumb/v7-m\libg_nano.a(lib_a-memchr-stub.o)
 .ARM.attributes
                0x000007b9       0x2d c:/program files (x86)/gnu tools arm embedded/7 2017-q4-major/bin/../lib/gcc/arm-none-eabi/7.2.1/../../../../arm-none-eabi/lib/thumb/v7-m\libg_nano.a(lib_a-mlock.o)
 .ARM.attributes
                0x000007e6       0x2d c:/program files (x86)/gnu tools arm embedded/7 2017-q4-major/bin/../lib/gcc/arm-none-eabi/7.2.1/../../../../arm-none-eabi/lib/thumb/v7-m\libg_nano.a(lib_a-nano-freer.o)
 .ARM.attributes
                0x00000813       0x2d c:/program files (x86)/gnu tools arm embedded/7 2017-q4-major/bin/../lib/gcc/arm-none-eabi/7.2.1/../../../../arm-none-eabi/lib/thumb/v7-m\libg_nano.a(lib_a-readr.o)
 .ARM.attributes
                0x00000840       0x2d c:/program files (x86)/gnu tools arm embedded/7 2017-q4-major/bin/../lib/gcc/arm-none-eabi/7.2.1/../../../../arm-none-eabi/lib/thumb/v7-m\libg_nano.a(lib_a-fstatr.o)
 .ARM.attributes
                0x0000086d       0x2d c:/program files (x86)/gnu tools arm embedded/7 2017-q4-major/bin/../lib/gcc/arm-none-eabi/7.2.1/../../../../arm-none-eabi/lib/thumb/v7-m\libg_nano.a(lib_a-isattyr.o)
 .ARM.attributes
                0x0000089a       0x2d c:/program files (x86)/gnu tools arm embedded/7 2017-q4-major/bin/../lib/gcc/arm-none-eabi/7.2.1/../../../../arm-none-eabi/lib/thumb/v7-m\libnosys.a(close.o)
 .ARM.attributes
                0x000008c7       0x2d c:/program files (x86)/gnu tools arm embedded/7 2017-q4-major/bin/../lib/gcc/arm-none-eabi/7.2.1/../../../../arm-none-eabi/lib/thumb/v7-m\libnosys.a(fstat.o)
 .ARM.attributes
                0x000008f4       0x2d c:/program files (x86)/gnu tools arm embedded/7 2017-q4-major/bin/../lib/gcc/arm-none-eabi/7.2.1/../../../../arm-none-eabi/lib/thumb/v7-m\libnosys.a(isatty.o)
 .ARM.attributes
                0x00000921       0x2d c:/program files (x86)/gnu tools arm embedded/7 2017-q4-major/bin/../lib/gcc/arm-none-eabi/7.2.1/../../../../arm-none-eabi/lib/thumb/v7-m\libnosys.a(lseek.o)
 .ARM.attributes
                0x0000094e       0x2d c:/program files (x86)/gnu tools arm embedded/7 2017-q4-major/bin/../lib/gcc/arm-none-eabi/7.2.1/../../../../arm-none-eabi/lib/thumb/v7-m\libnosys.a(read.o)

.debug
 *(.debug)

.line
 *(.line)

.debug_srcinfo
 *(.debug_srcinfo)

.debug_sfnames
 *(.debug_sfnames)

.debug_aranges  0x00000000      0x918
 *(.debug_aranges)
 .debug_aranges
                0x00000000       0x40 ./system/src/stm32f1-stdperiph/misc.o
 .debug_aranges
                0x00000040       0xa8 ./system/src/stm32f1-stdperiph/stm32f10x_gpio.o
 .debug_aranges
                0x000000e8      0x118 ./system/src/stm32f1-stdperiph/stm32f10x_rcc.o
 .debug_aranges
                0x00000200      0x2d0 ./system/src/stm32f1-stdperiph/stm32f10x_tim.o
 .debug_aranges
                0x000004d0      0x100 ./system/src/stm32f1-stdperiph/stm32f10x_usart.o
 .debug_aranges
                0x000005d0       0x28 ./system/src/newlib/_exit.o
 .debug_aranges
                0x000005f8       0x20 ./system/src/newlib/_sbrk.o
 .debug_aranges
                0x00000618       0x40 ./system/src/newlib/_startup.o
 .debug_aranges
                0x00000658       0x30 ./system/src/newlib/_syscalls.o
 .debug_aranges
                0x00000688       0x28 ./system/src/cortexm/_initialize_hardware.o
 .debug_aranges
                0x000006b0       0x20 ./system/src/cortexm/_reset_hardware.o
 .debug_aranges
                0x000006d0       0x80 ./system/src/cortexm/exception_handlers.o
 .debug_aranges
                0x00000750       0x28 ./system/src/cmsis/system_stm32f10x.o
 .debug_aranges
                0x00000778       0x20 ./system/src/cmsis/vectors_stm32f10x.o
 .debug_aranges
                0x00000798       0x20 ./src/PlatformHandler/gpioHandler.o
 .debug_aranges
                0x000007b8       0x20 ./src/PlatformHandler/nvicHandler.o
 .debug_aranges
                0x000007d8       0x20 ./src/PlatformHandler/rccHandler.o
 .debug_aranges
                0x000007f8       0x78 ./src/PlatformHandler/timerHandler.o
 .debug_aranges
                0x00000870       0x38 ./src/PlatformHandler/uartHandler.o
 .debug_aranges
                0x000008a8       0x20 ./src/main.o
 .debug_aranges
                0x000008c8       0x28 ./src/retarget.o
 .debug_aranges
                0x000008f0       0x28 ./src/stm32f10x_it.o

.debug_pubnames
 *(.debug_pubnames)

.debug_info     0x00000000     0xa6ef
 *(.debug_info .gnu.linkonce.wi.*)
 .debug_info    0x00000000      0x52a ./system/src/stm32f1-stdperiph/misc.o
 .debug_info    0x0000052a      0x7c9 ./system/src/stm32f1-stdperiph/stm32f10x_gpio.o
 .debug_info    0x00000cf3      0x8b4 ./system/src/stm32f1-stdperiph/stm32f10x_rcc.o
 .debug_info    0x000015a7     0x2026 ./system/src/stm32f1-stdperiph/stm32f10x_tim.o
 .debug_info    0x000035cd      0xaa3 ./system/src/stm32f1-stdperiph/stm32f10x_usart.o
 .debug_info    0x00004070      0x960 ./system/src/newlib/_exit.o
 .debug_info    0x000049d0      0x93e ./system/src/newlib/_sbrk.o
 .debug_info    0x0000530e      0x3ca ./system/src/newlib/_startup.o
 .debug_info    0x000056d8      0xa15 ./system/src/newlib/_syscalls.o
 .debug_info    0x000060ed      0x2b1 ./system/src/cortexm/_initialize_hardware.o
 .debug_info    0x0000639e      0x2c3 ./system/src/cortexm/_reset_hardware.o
 .debug_info    0x00006661      0xacb ./system/src/cortexm/exception_handlers.o
 .debug_info    0x0000712c      0x49d ./system/src/cmsis/system_stm32f10x.o
 .debug_info    0x000075c9       0xc6 ./system/src/cmsis/vectors_stm32f10x.o
 .debug_info    0x0000768f      0x48b ./src/PlatformHandler/gpioHandler.o
 .debug_info    0x00007b1a      0x393 ./src/PlatformHandler/nvicHandler.o
 .debug_info    0x00007ead      0x13f ./src/PlatformHandler/rccHandler.o
 .debug_info    0x00007fec      0x5cd ./src/PlatformHandler/timerHandler.o
 .debug_info    0x000085b9      0x487 ./src/PlatformHandler/uartHandler.o
 .debug_info    0x00008a40      0xd0a ./src/main.o
 .debug_info    0x0000974a      0xb17 ./src/retarget.o
 .debug_info    0x0000a261      0x48e ./src/stm32f10x_it.o

.debug_abbrev   0x00000000     0x24a2
 *(.debug_abbrev)
 .debug_abbrev  0x00000000      0x183 ./system/src/stm32f1-stdperiph/misc.o
 .debug_abbrev  0x00000183      0x220 ./system/src/stm32f1-stdperiph/stm32f10x_gpio.o
 .debug_abbrev  0x000003a3      0x1f7 ./system/src/stm32f1-stdperiph/stm32f10x_rcc.o
 .debug_abbrev  0x0000059a      0x2ee ./system/src/stm32f1-stdperiph/stm32f10x_tim.o
 .debug_abbrev  0x00000888      0x1f9 ./system/src/stm32f1-stdperiph/stm32f10x_usart.o
 .debug_abbrev  0x00000a81      0x210 ./system/src/newlib/_exit.o
 .debug_abbrev  0x00000c91      0x1f9 ./system/src/newlib/_sbrk.o
 .debug_abbrev  0x00000e8a      0x173 ./system/src/newlib/_startup.o
 .debug_abbrev  0x00000ffd      0x231 ./system/src/newlib/_syscalls.o
 .debug_abbrev  0x0000122e       0xf5 ./system/src/cortexm/_initialize_hardware.o
 .debug_abbrev  0x00001323      0x10d ./system/src/cortexm/_reset_hardware.o
 .debug_abbrev  0x00001430      0x1fe ./system/src/cortexm/exception_handlers.o
 .debug_abbrev  0x0000162e      0x190 ./system/src/cmsis/system_stm32f10x.o
 .debug_abbrev  0x000017be       0x9a ./system/src/cmsis/vectors_stm32f10x.o
 .debug_abbrev  0x00001858      0x13d ./src/PlatformHandler/gpioHandler.o
 .debug_abbrev  0x00001995      0x11d ./src/PlatformHandler/nvicHandler.o
 .debug_abbrev  0x00001ab2       0xcc ./src/PlatformHandler/rccHandler.o
 .debug_abbrev  0x00001b7e      0x1b2 ./src/PlatformHandler/timerHandler.o
 .debug_abbrev  0x00001d30      0x192 ./src/PlatformHandler/uartHandler.o
 .debug_abbrev  0x00001ec2      0x23d ./src/main.o
 .debug_abbrev  0x000020ff      0x246 ./src/retarget.o
 .debug_abbrev  0x00002345      0x15d ./src/stm32f10x_it.o

.debug_line     0x00000000     0x3759
 *(.debug_line)
 .debug_line    0x00000000      0x1de ./system/src/stm32f1-stdperiph/misc.o
 .debug_line    0x000001de      0x371 ./system/src/stm32f1-stdperiph/stm32f10x_gpio.o
 .debug_line    0x0000054f      0x45c ./system/src/stm32f1-stdperiph/stm32f10x_rcc.o
 .debug_line    0x000009ab      0xb30 ./system/src/stm32f1-stdperiph/stm32f10x_tim.o
 .debug_line    0x000014db      0x476 ./system/src/stm32f1-stdperiph/stm32f10x_usart.o
 .debug_line    0x00001951      0x1ef ./system/src/newlib/_exit.o
 .debug_line    0x00001b40      0x15d ./system/src/newlib/_sbrk.o
 .debug_line    0x00001c9d      0x109 ./system/src/newlib/_startup.o
 .debug_line    0x00001da6      0x1ec ./system/src/newlib/_syscalls.o
 .debug_line    0x00001f92      0x13c ./system/src/cortexm/_initialize_hardware.o
 .debug_line    0x000020ce      0x148 ./system/src/cortexm/_reset_hardware.o
 .debug_line    0x00002216      0x22f ./system/src/cortexm/exception_handlers.o
 .debug_line    0x00002445      0x188 ./system/src/cmsis/system_stm32f10x.o
 .debug_line    0x000025cd       0x58 ./system/src/cmsis/vectors_stm32f10x.o
 .debug_line    0x00002625      0x1f5 ./src/PlatformHandler/gpioHandler.o
 .debug_line    0x0000281a      0x19a ./src/PlatformHandler/nvicHandler.o
 .debug_line    0x000029b4      0x183 ./src/PlatformHandler/rccHandler.o
 .debug_line    0x00002b37      0x26a ./src/PlatformHandler/timerHandler.o
 .debug_line    0x00002da1      0x1e1 ./src/PlatformHandler/uartHandler.o
 .debug_line    0x00002f82      0x325 ./src/main.o
 .debug_line    0x000032a7      0x2e4 ./src/retarget.o
 .debug_line    0x0000358b      0x1ce ./src/stm32f10x_it.o

.debug_frame    0x00000000     0x1c34
 *(.debug_frame)
 .debug_frame   0x00000000       0x6c ./system/src/stm32f1-stdperiph/misc.o
 .debug_frame   0x0000006c      0x170 ./system/src/stm32f1-stdperiph/stm32f10x_gpio.o
 .debug_frame   0x000001dc      0x220 ./system/src/stm32f1-stdperiph/stm32f10x_rcc.o
 .debug_frame   0x000003fc      0x6b0 ./system/src/stm32f1-stdperiph/stm32f10x_tim.o
 .debug_frame   0x00000aac      0x224 ./system/src/stm32f1-stdperiph/stm32f10x_usart.o
 .debug_frame   0x00000cd0       0x40 ./system/src/newlib/_exit.o
 .debug_frame   0x00000d10       0x28 ./system/src/newlib/_sbrk.o
 .debug_frame   0x00000d38       0x80 ./system/src/newlib/_startup.o
 .debug_frame   0x00000db8       0x50 ./system/src/newlib/_syscalls.o
 .debug_frame   0x00000e08       0x38 ./system/src/cortexm/_initialize_hardware.o
 .debug_frame   0x00000e40       0x20 ./system/src/cortexm/_reset_hardware.o
 .debug_frame   0x00000e60       0xe0 ./system/src/cortexm/exception_handlers.o
 .debug_frame   0x00000f40       0x38 ./system/src/cmsis/system_stm32f10x.o
 .debug_frame   0x00000f78       0x20 ./system/src/cmsis/vectors_stm32f10x.o
 .debug_frame   0x00000f98       0x38 ./src/PlatformHandler/gpioHandler.o
 .debug_frame   0x00000fd0       0x2c ./src/PlatformHandler/nvicHandler.o
 .debug_frame   0x00000ffc       0x2c ./src/PlatformHandler/rccHandler.o
 .debug_frame   0x00001028       0xe8 ./src/PlatformHandler/timerHandler.o
 .debug_frame   0x00001110       0x84 ./src/PlatformHandler/uartHandler.o
 .debug_frame   0x00001194       0x30 ./src/main.o
 .debug_frame   0x000011c4       0x4c ./src/retarget.o
 .debug_frame   0x00001210      0x2b0 ./src/stm32f10x_it.o
 .debug_frame   0x000014c0       0x20 c:/program files (x86)/gnu tools arm embedded/7 2017-q4-major/bin/../lib/gcc/arm-none-eabi/7.2.1/../../../../arm-none-eabi/lib/thumb/v7-m\libg_nano.a(lib_a-errno.o)
 .debug_frame   0x000014e0       0x74 c:/program files (x86)/gnu tools arm embedded/7 2017-q4-major/bin/../lib/gcc/arm-none-eabi/7.2.1/../../../../arm-none-eabi/lib/thumb/v7-m\libg_nano.a(lib_a-printf.o)
 .debug_frame   0x00001554      0x11c c:/program files (x86)/gnu tools arm embedded/7 2017-q4-major/bin/../lib/gcc/arm-none-eabi/7.2.1/../../../../arm-none-eabi/lib/thumb/v7-m\libg_nano.a(lib_a-findfp.o)
 .debug_frame   0x00001670       0x54 c:/program files (x86)/gnu tools arm embedded/7 2017-q4-major/bin/../lib/gcc/arm-none-eabi/7.2.1/../../../../arm-none-eabi/lib/thumb/v7-m\libg_nano.a(lib_a-fwalk.o)
 .debug_frame   0x000016c4       0x20 c:/program files (x86)/gnu tools arm embedded/7 2017-q4-major/bin/../lib/gcc/arm-none-eabi/7.2.1/../../../../arm-none-eabi/lib/thumb/v7-m\libg_nano.a(lib_a-memset.o)
 .debug_frame   0x000016e4       0x2c c:/program files (x86)/gnu tools arm embedded/7 2017-q4-major/bin/../lib/gcc/arm-none-eabi/7.2.1/../../../../arm-none-eabi/lib/thumb/v7-m\libg_nano.a(lib_a-nano-mallocr.o)
 .debug_frame   0x00001710       0xac c:/program files (x86)/gnu tools arm embedded/7 2017-q4-major/bin/../lib/gcc/arm-none-eabi/7.2.1/../../../../arm-none-eabi/lib/thumb/v7-m\libg_nano.a(lib_a-nano-vfprintf.o)
 .debug_frame   0x000017bc       0x60 c:/program files (x86)/gnu tools arm embedded/7 2017-q4-major/bin/../lib/gcc/arm-none-eabi/7.2.1/../../../../arm-none-eabi/lib/thumb/v7-m\libg_nano.a(lib_a-nano-vfprintf_i.o)
 .debug_frame   0x0000181c       0x2c c:/program files (x86)/gnu tools arm embedded/7 2017-q4-major/bin/../lib/gcc/arm-none-eabi/7.2.1/../../../../arm-none-eabi/lib/thumb/v7-m\libg_nano.a(lib_a-sbrkr.o)
 .debug_frame   0x00001848       0x88 c:/program files (x86)/gnu tools arm embedded/7 2017-q4-major/bin/../lib/gcc/arm-none-eabi/7.2.1/../../../../arm-none-eabi/lib/thumb/v7-m\libg_nano.a(lib_a-stdio.o)
 .debug_frame   0x000018d0       0x40 c:/program files (x86)/gnu tools arm embedded/7 2017-q4-major/bin/../lib/gcc/arm-none-eabi/7.2.1/../../../../arm-none-eabi/lib/thumb/v7-m\libg_nano.a(lib_a-wbuf.o)
 .debug_frame   0x00001910       0x2c c:/program files (x86)/gnu tools arm embedded/7 2017-q4-major/bin/../lib/gcc/arm-none-eabi/7.2.1/../../../../arm-none-eabi/lib/thumb/v7-m\libg_nano.a(lib_a-writer.o)
 .debug_frame   0x0000193c       0x2c c:/program files (x86)/gnu tools arm embedded/7 2017-q4-major/bin/../lib/gcc/arm-none-eabi/7.2.1/../../../../arm-none-eabi/lib/thumb/v7-m\libg_nano.a(lib_a-wsetup.o)
 .debug_frame   0x00001968       0x2c c:/program files (x86)/gnu tools arm embedded/7 2017-q4-major/bin/../lib/gcc/arm-none-eabi/7.2.1/../../../../arm-none-eabi/lib/thumb/v7-m\libg_nano.a(lib_a-closer.o)
 .debug_frame   0x00001994       0x68 c:/program files (x86)/gnu tools arm embedded/7 2017-q4-major/bin/../lib/gcc/arm-none-eabi/7.2.1/../../../../arm-none-eabi/lib/thumb/v7-m\libg_nano.a(lib_a-fflush.o)
 .debug_frame   0x000019fc       0x2c c:/program files (x86)/gnu tools arm embedded/7 2017-q4-major/bin/../lib/gcc/arm-none-eabi/7.2.1/../../../../arm-none-eabi/lib/thumb/v7-m\libg_nano.a(lib_a-lseekr.o)
 .debug_frame   0x00001a28       0x58 c:/program files (x86)/gnu tools arm embedded/7 2017-q4-major/bin/../lib/gcc/arm-none-eabi/7.2.1/../../../../arm-none-eabi/lib/thumb/v7-m\libg_nano.a(lib_a-makebuf.o)
 .debug_frame   0x00001a80       0x28 c:/program files (x86)/gnu tools arm embedded/7 2017-q4-major/bin/../lib/gcc/arm-none-eabi/7.2.1/../../../../arm-none-eabi/lib/thumb/v7-m\libg_nano.a(lib_a-memchr-stub.o)
 .debug_frame   0x00001aa8       0x30 c:/program files (x86)/gnu tools arm embedded/7 2017-q4-major/bin/../lib/gcc/arm-none-eabi/7.2.1/../../../../arm-none-eabi/lib/thumb/v7-m\libg_nano.a(lib_a-mlock.o)
 .debug_frame   0x00001ad8       0x38 c:/program files (x86)/gnu tools arm embedded/7 2017-q4-major/bin/../lib/gcc/arm-none-eabi/7.2.1/../../../../arm-none-eabi/lib/thumb/v7-m\libg_nano.a(lib_a-nano-freer.o)
 .debug_frame   0x00001b10       0x2c c:/program files (x86)/gnu tools arm embedded/7 2017-q4-major/bin/../lib/gcc/arm-none-eabi/7.2.1/../../../../arm-none-eabi/lib/thumb/v7-m\libg_nano.a(lib_a-readr.o)
 .debug_frame   0x00001b3c       0x2c c:/program files (x86)/gnu tools arm embedded/7 2017-q4-major/bin/../lib/gcc/arm-none-eabi/7.2.1/../../../../arm-none-eabi/lib/thumb/v7-m\libg_nano.a(lib_a-fstatr.o)
 .debug_frame   0x00001b68       0x2c c:/program files (x86)/gnu tools arm embedded/7 2017-q4-major/bin/../lib/gcc/arm-none-eabi/7.2.1/../../../../arm-none-eabi/lib/thumb/v7-m\libg_nano.a(lib_a-isattyr.o)
 .debug_frame   0x00001b94       0x20 c:/program files (x86)/gnu tools arm embedded/7 2017-q4-major/bin/../lib/gcc/arm-none-eabi/7.2.1/../../../../arm-none-eabi/lib/thumb/v7-m\libnosys.a(close.o)
 .debug_frame   0x00001bb4       0x20 c:/program files (x86)/gnu tools arm embedded/7 2017-q4-major/bin/../lib/gcc/arm-none-eabi/7.2.1/../../../../arm-none-eabi/lib/thumb/v7-m\libnosys.a(fstat.o)
 .debug_frame   0x00001bd4       0x20 c:/program files (x86)/gnu tools arm embedded/7 2017-q4-major/bin/../lib/gcc/arm-none-eabi/7.2.1/../../../../arm-none-eabi/lib/thumb/v7-m\libnosys.a(isatty.o)
 .debug_frame   0x00001bf4       0x20 c:/program files (x86)/gnu tools arm embedded/7 2017-q4-major/bin/../lib/gcc/arm-none-eabi/7.2.1/../../../../arm-none-eabi/lib/thumb/v7-m\libnosys.a(lseek.o)
 .debug_frame   0x00001c14       0x20 c:/program files (x86)/gnu tools arm embedded/7 2017-q4-major/bin/../lib/gcc/arm-none-eabi/7.2.1/../../../../arm-none-eabi/lib/thumb/v7-m\libnosys.a(read.o)

.debug_str      0x00000000     0x2e59
 *(.debug_str)
 .debug_str     0x00000000      0x3c2 ./system/src/stm32f1-stdperiph/misc.o
                                0x40f (size before relaxing)
 .debug_str     0x000003c2      0x393 ./system/src/stm32f1-stdperiph/stm32f10x_gpio.o
                                0x576 (size before relaxing)
 .debug_str     0x00000755      0x42a ./system/src/stm32f1-stdperiph/stm32f10x_rcc.o
                                0x660 (size before relaxing)
 .debug_str     0x00000b7f      0xb9c ./system/src/stm32f1-stdperiph/stm32f10x_tim.o
                                0xe51 (size before relaxing)
 .debug_str     0x0000171b      0x41e ./system/src/stm32f1-stdperiph/stm32f10x_usart.o
                                0x716 (size before relaxing)
 .debug_str     0x00001b39      0x431 ./system/src/newlib/_exit.o
                                0x5e0 (size before relaxing)
 .debug_str     0x00001f6a       0x8e ./system/src/newlib/_sbrk.o
                                0x5ed (size before relaxing)
 .debug_str     0x00001ff8      0x16d ./system/src/newlib/_startup.o
                                0x312 (size before relaxing)
 .debug_str     0x00002165       0x6b ./system/src/newlib/_syscalls.o
                                0x611 (size before relaxing)
 .debug_str     0x000021d0       0x5e ./system/src/cortexm/_initialize_hardware.o
                                0x296 (size before relaxing)
 .debug_str     0x0000222e       0x45 ./system/src/cortexm/_reset_hardware.o
                                0x25c (size before relaxing)
 .debug_str     0x00002273      0x11f ./system/src/cortexm/exception_handlers.o
                                0x6d9 (size before relaxing)
 .debug_str     0x00002392       0x67 ./system/src/cmsis/system_stm32f10x.o
                                0x31a (size before relaxing)
 .debug_str     0x000023f9       0x57 ./system/src/cmsis/vectors_stm32f10x.o
                                0x1c9 (size before relaxing)
 .debug_str     0x00002450       0x4b ./src/PlatformHandler/gpioHandler.o
                                0x33e (size before relaxing)
 .debug_str     0x0000249b      0x3f4 ./src/PlatformHandler/nvicHandler.o
                                0x668 (size before relaxing)
 .debug_str     0x0000288f       0x36 ./src/PlatformHandler/rccHandler.o
                                0x229 (size before relaxing)
 .debug_str     0x000028c5      0x184 ./src/PlatformHandler/timerHandler.o
                                0x50d (size before relaxing)
 .debug_str     0x00002a49       0x6d ./src/PlatformHandler/uartHandler.o
                                0x3a8 (size before relaxing)
 .debug_str     0x00002ab6       0x4f ./src/main.o
                                0x730 (size before relaxing)
 .debug_str     0x00002b05       0x22 ./src/retarget.o
                                0x68e (size before relaxing)
 .debug_str     0x00002b27      0x332 ./src/stm32f10x_it.o
                                0x629 (size before relaxing)

.debug_loc      0x00000000     0x348b
 *(.debug_loc)
 .debug_loc     0x00000000      0x16c ./system/src/stm32f1-stdperiph/misc.o
 .debug_loc     0x0000016c      0x577 ./system/src/stm32f1-stdperiph/stm32f10x_gpio.o
 .debug_loc     0x000006e3      0x6b8 ./system/src/stm32f1-stdperiph/stm32f10x_rcc.o
 .debug_loc     0x00000d9b     0x19c3 ./system/src/stm32f1-stdperiph/stm32f10x_tim.o
 .debug_loc     0x0000275e      0x793 ./system/src/stm32f1-stdperiph/stm32f10x_usart.o
 .debug_loc     0x00002ef1       0x21 ./system/src/newlib/_exit.o
 .debug_loc     0x00002f12       0x6a ./system/src/newlib/_sbrk.o
 .debug_loc     0x00002f7c      0x148 ./system/src/newlib/_startup.o
 .debug_loc     0x000030c4       0x63 ./system/src/newlib/_syscalls.o
 .debug_loc     0x00003127       0xb1 ./system/src/cmsis/system_stm32f10x.o
 .debug_loc     0x000031d8      0x11c ./src/PlatformHandler/uartHandler.o
 .debug_loc     0x000032f4       0xb0 ./src/main.o
 .debug_loc     0x000033a4       0xe7 ./src/retarget.o

.debug_macinfo
 *(.debug_macinfo)

.debug_weaknames
 *(.debug_weaknames)

.debug_funcnames
 *(.debug_funcnames)

.debug_typenames
 *(.debug_typenames)

.debug_varnames
 *(.debug_varnames)
OUTPUT(hello_STM32F103.elf elf32-littlearm)

.debug_ranges   0x00000000      0x860
 .debug_ranges  0x00000000       0x30 ./system/src/stm32f1-stdperiph/misc.o
 .debug_ranges  0x00000030       0x98 ./system/src/stm32f1-stdperiph/stm32f10x_gpio.o
 .debug_ranges  0x000000c8      0x108 ./system/src/stm32f1-stdperiph/stm32f10x_rcc.o
 .debug_ranges  0x000001d0      0x308 ./system/src/stm32f1-stdperiph/stm32f10x_tim.o
 .debug_ranges  0x000004d8       0xf0 ./system/src/stm32f1-stdperiph/stm32f10x_usart.o
 .debug_ranges  0x000005c8       0x18 ./system/src/newlib/_exit.o
 .debug_ranges  0x000005e0       0x10 ./system/src/newlib/_sbrk.o
 .debug_ranges  0x000005f0       0x90 ./system/src/newlib/_startup.o
 .debug_ranges  0x00000680       0x20 ./system/src/newlib/_syscalls.o
 .debug_ranges  0x000006a0       0x18 ./system/src/cortexm/_initialize_hardware.o
 .debug_ranges  0x000006b8       0x10 ./system/src/cortexm/_reset_hardware.o
 .debug_ranges  0x000006c8       0x70 ./system/src/cortexm/exception_handlers.o
 .debug_ranges  0x00000738       0x18 ./system/src/cmsis/system_stm32f10x.o
 .debug_ranges  0x00000750       0x10 ./system/src/cmsis/vectors_stm32f10x.o
 .debug_ranges  0x00000760       0x10 ./src/PlatformHandler/gpioHandler.o
 .debug_ranges  0x00000770       0x10 ./src/PlatformHandler/nvicHandler.o
 .debug_ranges  0x00000780       0x10 ./src/PlatformHandler/rccHandler.o
 .debug_ranges  0x00000790       0x68 ./src/PlatformHandler/timerHandler.o
 .debug_ranges  0x000007f8       0x28 ./src/PlatformHandler/uartHandler.o
 .debug_ranges  0x00000820       0x10 ./src/main.o
 .debug_ranges  0x00000830       0x18 ./src/retarget.o
 .debug_ranges  0x00000848       0x18 ./src/stm32f10x_it.o
